Archive member included to satisfy reference by file (symbol)

C:/ti/simplelink_cc2640r2_sdk_5_30_00_03/source\ti/display/lib/display.am3g(DisplayUart.om3g)
                              ./CC2640R2_LAUNCHXL.o (DisplayUartMin_fxnTable)
C:/ti/simplelink_cc2640r2_sdk_5_30_00_03/source\ti/drivers/lib/drivers_cc26x0r2.am3g(NVSSPI25X.om3g)
                              ./CC2640R2_LAUNCHXL.o (NVSSPI25X_fxnTable)
C:/ti/simplelink_cc2640r2_sdk_5_30_00_03/source\ti/drivers/lib/drivers_cc26x0r2.am3g(SDSPI.om3g)
                              ./CC2640R2_LAUNCHXL.o (SDSPI_fxnTable)
C:/ti/simplelink_cc2640r2_sdk_5_30_00_03/source\ti/drivers/lib/drivers_cc26x0r2.am3g(ADCCC26XX.om3g)
                              ./CC2640R2_LAUNCHXL.o (ADCCC26XX_fxnTable)
C:/ti/simplelink_cc2640r2_sdk_5_30_00_03/source\ti/drivers/lib/drivers_cc26x0r2.am3g(ADCBufCC26XX.om3g)
                              ./CC2640R2_LAUNCHXL.o (ADCBufCC26XX_fxnTable)
C:/ti/simplelink_cc2640r2_sdk_5_30_00_03/source\ti/drivers/lib/drivers_cc26x0r2.am3g(UDMACC26XX.om3g)
                              C:/ti/simplelink_cc2640r2_sdk_5_30_00_03/source\ti/drivers/lib/drivers_cc26x0r2.am3g(ADCBufCC26XX.om3g) (UDMACC26XX_open)
C:/ti/simplelink_cc2640r2_sdk_5_30_00_03/source\ti/drivers/lib/drivers_cc26x0r2.am3g(GPIOCC26XX.om3g)
                              ./gpiointerrupt.o (GPIO_enableInt)
C:/ti/simplelink_cc2640r2_sdk_5_30_00_03/source\ti/drivers/lib/drivers_cc26x0r2.am3g(I2CCC26XX.om3g)
                              ./CC2640R2_LAUNCHXL.o (I2CCC26XX_fxnTable)
C:/ti/simplelink_cc2640r2_sdk_5_30_00_03/source\ti/drivers/lib/drivers_cc26x0r2.am3g(NVSCC26XX.om3g)
                              ./CC2640R2_LAUNCHXL.o (NVSCC26XX_fxnTable)
C:/ti/simplelink_cc2640r2_sdk_5_30_00_03/source\ti/drivers/lib/drivers_cc26x0r2.am3g(PINCC26XX.om3g)
                              ./CC2640R2_LAUNCHXL.o (PIN_init)
C:/ti/simplelink_cc2640r2_sdk_5_30_00_03/source\ti/drivers/lib/drivers_cc26x0r2.am3g(PowerCC26XX.om3g)
                              C:/ti/simplelink_cc2640r2_sdk_5_30_00_03/source\ti/drivers/lib/drivers_cc26x0r2.am3g(UDMACC26XX.om3g) (Power_getDependencyCount)
C:/ti/simplelink_cc2640r2_sdk_5_30_00_03/source\ti/drivers/lib/drivers_cc26x0r2.am3g(PowerCC26XX_calibrateRCOSC.om3g)
                              C:/ti/simplelink_cc2640r2_sdk_5_30_00_03/source\ti/drivers/lib/drivers_cc26x0r2.am3g(PowerCC26XX.om3g) (PowerCC26XX_initiateCalibration)
C:/ti/simplelink_cc2640r2_sdk_5_30_00_03/source\ti/drivers/lib/drivers_cc26x0r2.am3g(PWMTimerCC26XX.om3g)
                              ./CC2640R2_LAUNCHXL.o (PWMTimerCC26XX_fxnTable)
C:/ti/simplelink_cc2640r2_sdk_5_30_00_03/source\ti/drivers/lib/drivers_cc26x0r2.am3g(SPI.om3g)
                              C:/ti/simplelink_cc2640r2_sdk_5_30_00_03/source\ti/drivers/lib/drivers_cc26x0r2.am3g(NVSSPI25X.om3g) (SPI_close)
C:/ti/simplelink_cc2640r2_sdk_5_30_00_03/source\ti/drivers/lib/drivers_cc26x0r2.am3g(SPICC26XXDMA.om3g)
                              ./CC2640R2_LAUNCHXL.o (SPICC26XXDMA_fxnTable)
C:/ti/simplelink_cc2640r2_sdk_5_30_00_03/source\ti/drivers/lib/drivers_cc26x0r2.am3g(GPTimerCC26XX.om3g)
                              C:/ti/simplelink_cc2640r2_sdk_5_30_00_03/source\ti/drivers/lib/drivers_cc26x0r2.am3g(ADCBufCC26XX.om3g) (GPTimerCC26XX_Params_init)
C:/ti/simplelink_cc2640r2_sdk_5_30_00_03/source\ti/drivers/lib/drivers_cc26x0r2.am3g(UART.om3g)
                              C:/ti/simplelink_cc2640r2_sdk_5_30_00_03/source\ti/display/lib/display.am3g(DisplayUart.om3g) (UART_close)
C:/ti/simplelink_cc2640r2_sdk_5_30_00_03/source\ti/drivers/lib/drivers_cc26x0r2.am3g(UARTCC26XX.om3g)
                              ./CC2640R2_LAUNCHXL.o (UARTCC26XX_fxnTable)
C:/ti/simplelink_cc2640r2_sdk_5_30_00_03/source\ti/drivers/lib/drivers_cc26x0r2.am3g(WatchdogCC26XX.om3g)
                              ./CC2640R2_LAUNCHXL.o (WatchdogCC26XX_fxnTable)
C:/ti/simplelink_cc2640r2_sdk_5_30_00_03/source\ti/drivers/lib/drivers_cc26x0r2.am3g(List.om3g)
                              C:/ti/simplelink_cc2640r2_sdk_5_30_00_03/source\ti/drivers/lib/drivers_cc26x0r2.am3g(PowerCC26XX.om3g) (List_put)
C:/ti/simplelink_cc2640r2_sdk_5_30_00_03/source\ti/drivers/lib/drivers_cc26x0r2.am3g(RingBuf.om3g)
                              C:/ti/simplelink_cc2640r2_sdk_5_30_00_03/source\ti/drivers/lib/drivers_cc26x0r2.am3g(UARTCC26XX.om3g) (RingBuf_construct)
C:/ti/simplelink_cc2640r2_sdk_5_30_00_03/source\ti/drivers/lib/drivers_cc26x0r2.am3g(ADCBuf.om3g)
                              C:/ti/simplelink_cc2640r2_sdk_5_30_00_03/source\ti/drivers/lib/drivers_cc26x0r2.am3g(ADCBufCC26XX.om3g) (ADCBuf_convertCancel)
C:/ti/simplelink_cc2640r2_sdk_5_30_00_03/kernel/nortos\lib/nortos_cc26x0r2.am3g(NoRTOS.om3g)
                              ./main_nortos.o (NoRTOS_start)
C:/ti/simplelink_cc2640r2_sdk_5_30_00_03/kernel/nortos\lib/nortos_cc26x0r2.am3g(SemaphoreP_nortos.om3g)
[...]
Memory Configuration

Name             Origin             Length             Attributes
FLASH            0x00000000         0x0001ffa8         xr
FLASH_CCFG       0x0001ffa8         0x00000058         xr
SRAM             0x20000000         0x00005000         xrw
*default*        0x00000000         0xffffffff

Linker script and memory map

LOAD ./CC2640R2_LAUNCHXL.o
LOAD ./CC2640R2_LAUNCHXL_fxns.o
LOAD ./ccfg.o
LOAD ./gpiointerrupt.o
LOAD ./main_nortos.o
                0x00000400                STACKSIZE = 0x400
                0x00000100                HEAPSIZE = 0x100
                0x00000000                PROVIDE (_resetVecs_base_address, DEFINED (_resetVecs_base_address)?_resetVecs_base_address:0x0)

.resetVecs      0x00000000       0x40
 *(.resetVecs)
 .resetVecs     0x00000000       0x40 C:/ti/simplelink_cc2640r2_sdk_5_30_00_03/kernel/nortos\lib/nortos_cc26x0r2.am3g(startup_cc13xx_cc26xx_gcc.om3g)

.ramVecs
 *(.ramVecs)
                0x20000400                UDMACC26XX_CONFIG_BASE = 0x20000400
                0x20000430                DMA_SPI0_RX_CONTROL_TABLE_ENTRY_ADDRESS = (UDMACC26XX_CONFIG_BASE + 0x30)
                0x20000440                DMA_SPI0_TX_CONTROL_TABLE_ENTRY_ADDRESS = (UDMACC26XX_CONFIG_BASE + 0x40)
                0x20000470                DMA_ADC_PRI_CONTROL_TABLE_ENTRY_ADDRESS = (UDMACC26XX_CONFIG_BASE + 0x70)
                0x20000490                DMA_GPT0A_PRI_CONTROL_TABLE_ENTRY_ADDRESS = (UDMACC26XX_CONFIG_BASE + 0x90)
                0x20000500                DMA_SPI1_RX_CONTROL_TABLE_ENTRY_ADDRESS = (UDMACC26XX_CONFIG_BASE + 0x100)
                0x20000510                DMA_SPI1_TX_CONTROL_TABLE_ENTRY_ADDRESS = (UDMACC26XX_CONFIG_BASE + 0x110)
                0x20000670                DMA_ADC_ALT_CONTROL_TABLE_ENTRY_ADDRESS = (UDMACC26XX_CONFIG_BASE + 0x270)
                0x20000690                DMA_GPT0A_ALT_CONTROL_TABLE_ENTRY_ADDRESS = (UDMACC26XX_CONFIG_BASE + 0x290)
                0x00000000                UDMACC26XX_dmaSpi0RxControlTableEntry_is_placed = 0x0

.dmaSpi0RxControlTableEntry
 *(.dmaSpi0RxControlTableEntry)
                0x00000000                UDMACC26XX_dmaSpi0TxControlTableEntry_is_placed = 0x0

.dmaSpi0TxControlTableEntry
 *(.dmaSpi0TxControlTableEntry)
                0x00000000                UDMACC26XX_dmaADCPriControlTableEntry_is_placed = 0x0

.dmaADCPriControlTableEntry
 *(.dmaADCPriControlTableEntry)
                0x00000000                UDMACC26XX_dmaGPT0APriControlTableEntry_is_placed = 0x0

.dmaGPT0APriControlTableEntry
 *(.dmaGPT0APriControlTableEntry)
                0x00000000                UDMACC26XX_dmaSpi1RxControlTableEntry_is_placed = 0x0

.dmaSpi1RxControlTableEntry
 *(.dmaSpi1RxControlTableEntry)
                0x00000000                UDMACC26XX_dmaSpi1TxControlTableEntry_is_placed = 0x0

.dmaSpi1TxControlTableEntry
 *(.dmaSpi1TxControlTableEntry)
                0x00000000                UDMACC26XX_dmaADCAltControlTableEntry_is_placed = 0x0

.dmaADCAltControlTableEntry
 *(.dmaADCAltControlTableEntry)
                0x00000000                UDMACC26XX_dmaGPT0AAltControlTableEntry_is_placed = 0x0

.dmaGPT0AAltControlTableEntry
 *(.dmaGPT0AAltControlTableEntry)

.text           0x00000040     0x3308
 CREATE_OBJECT_SYMBOLS
 *(.text)
 .text          0x00000040       0x30 c:/ti/gcc-arm-none-eabi_7_2_1/bin/../lib/gcc/arm-none-eabi/7.2.1/thumb/v7-m\libgcc.a(_aeabi_uldivmod.o)
                0x00000040                __aeabi_uldivmod
 .text          0x00000070      0x2d0 c:/ti/gcc-arm-none-eabi_7_2_1/bin/../lib/gcc/arm-none-eabi/7.2.1/thumb/v7-m\libgcc.a(_udivmoddi4.o)
                0x00000070                __udivmoddi4
 .text          0x00000340        0x4 c:/ti/gcc-arm-none-eabi_7_2_1/bin/../lib/gcc/arm-none-eabi/7.2.1/thumb/v7-m\libgcc.a(_dvmd_tls.o)
                0x00000340                __aeabi_idiv0
                0x00000340                __aeabi_ldiv0
 *(.text.*)
 .text.CC2640R2_LAUNCHXL_initGeneral
                0x00000344       0x24 ./CC2640R2_LAUNCHXL.o
                0x00000344                CC2640R2_LAUNCHXL_initGeneral
 .text.Board_init
                0x00000368        0xc ./CC2640R2_LAUNCHXL.o
                0x00000368                Board_init
 .text.CC2640R2_LAUNCHXL_sendExtFlashByte
                0x00000374       0x80 ./CC2640R2_LAUNCHXL_fxns.o
                0x00000374                CC2640R2_LAUNCHXL_sendExtFlashByte
 .text.CC2640R2_LAUNCHXL_wakeUpExtFlash
                0x000003f4       0x58 ./CC2640R2_LAUNCHXL_fxns.o
                0x000003f4                CC2640R2_LAUNCHXL_wakeUpExtFlash
 .text.CC2640R2_LAUNCHXL_shutDownExtFlash
                0x0000044c       0x50 ./CC2640R2_LAUNCHXL_fxns.o
                0x0000044c                CC2640R2_LAUNCHXL_shutDownExtFlash
 .text.Board_initHook
                0x0000049c        0xc ./CC2640R2_LAUNCHXL_fxns.o
                0x0000049c                Board_initHook
 .text.gpioButtonFxn0
                0x000004a8       0x18 ./gpiointerrupt.o
                0x000004a8                gpioButtonFxn0
 .text.gpioButtonFxn1
                0x000004c0       0x18 ./gpiointerrupt.o
                0x000004c0                gpioButtonFxn1
 .text.mainThread
                0x000004d8       0x68 ./gpiointerrupt.o
                0x000004d8                mainThread
 .text.main     0x00000540       0x14 ./main_nortos.o
                0x00000540                main
 .text.GPIO_hwiIntFxn
                0x00000554       0x30 C:/ti/simplelink_cc2640r2_sdk_5_30_00_03/source\ti/drivers/lib/drivers_cc26x0r2.am3g(GPIOCC26XX.om3g)
                0x00000554                GPIO_hwiIntFxn
 .text.GPIO_enableInt
                0x00000584       0x58 C:/ti/simplelink_cc2640r2_sdk_5_30_00_03/source\ti/drivers/lib/drivers_cc26x0r2.am3g(GPIOCC26XX.om3g)
                0x00000584                GPIO_enableInt
 .text.GPIO_setCallback
                0x000005dc       0x3c C:/ti/simplelink_cc2640r2_sdk_5_30_00_03/source\ti/drivers/lib/drivers_cc26x0r2.am3g(GPIOCC26XX.om3g)
                0x000005dc                GPIO_setCallback
 .text.GPIO_setConfig
                0x00000618      0x120 C:/ti/simplelink_cc2640r2_sdk_5_30_00_03/source\ti/drivers/lib/drivers_cc26x0r2.am3g(GPIOCC26XX.om3g)
                0x00000618                GPIO_setConfig
 .text.GPIO_init
                0x00000738      0x11c C:/ti/simplelink_cc2640r2_sdk_5_30_00_03/source\ti/drivers/lib/drivers_cc26x0r2.am3g(GPIOCC26XX.om3g)
                0x00000738                GPIO_init
 .text.GPIO_toggle
                0x00000854       0x34 C:/ti/simplelink_cc2640r2_sdk_5_30_00_03/source\ti/drivers/lib/drivers_cc26x0r2.am3g(GPIOCC26XX.om3g)
                0x00000854                GPIO_toggle
 .text.GPIO_write
                0x00000888       0x58 C:/ti/simplelink_cc2640r2_sdk_5_30_00_03/source\ti/drivers/lib/drivers_cc26x0r2.am3g(GPIOCC26XX.om3g)
                0x00000888                GPIO_write
 .text.PIN_swi  0x000008e0       0x40 C:/ti/simplelink_cc2640r2_sdk_5_30_00_03/source\ti/drivers/lib/drivers_cc26x0r2.am3g(PINCC26XX.om3g)
 .text.PIN_hwi  0x00000920       0x1c C:/ti/simplelink_cc2640r2_sdk_5_30_00_03/source\ti/drivers/lib/drivers_cc26x0r2.am3g(PINCC26XX.om3g)
 .text.PINCC26XX_setIoCfg
                0x0000093c      0x14c C:/ti/simplelink_cc2640r2_sdk_5_30_00_03/source\ti/drivers/lib/drivers_cc26x0r2.am3g(PINCC26XX.om3g)
 .text.PIN_init
                0x00000a88      0x200 C:/ti/simplelink_cc2640r2_sdk_5_30_00_03/source\ti/drivers/lib/drivers_cc26x0r2.am3g(PINCC26XX.om3g)
                0x00000a88                PIN_init
 .text.PIN_remove
                0x00000c88       0x6c C:/ti/simplelink_cc2640r2_sdk_5_30_00_03/source\ti/drivers/lib/drivers_cc26x0r2.am3g(PINCC26XX.om3g)
                0x00000c88                PIN_remove
 .text.PIN_close
                0x00000cf4       0x20 C:/ti/simplelink_cc2640r2_sdk_5_30_00_03/source\ti/drivers/lib/drivers_cc26x0r2.am3g(PINCC26XX.om3g)
                0x00000cf4                PIN_close
 .text.PIN_setOutputValue
                0x00000d14       0x34 C:/ti/simplelink_cc2640r2_sdk_5_30_00_03/source\ti/drivers/lib/drivers_cc26x0r2.am3g(PINCC26XX.om3g)
                0x00000d14                PIN_setOutputValue
 .text.PIN_registerIntCb
                0x00000d48        0xc C:/ti/simplelink_cc2640r2_sdk_5_30_00_03/source\ti/drivers/lib/drivers_cc26x0r2.am3g(PINCC26XX.om3g)
                0x00000d48                PIN_registerIntCb
 .text.PIN_setConfig
                0x00000d54       0x34 C:/ti/simplelink_cc2640r2_sdk_5_30_00_03/source\ti/drivers/lib/drivers_cc26x0r2.am3g(PINCC26XX.om3g)
                0x00000d54                PIN_setConfig
 .text.PIN_open
                0x00000d88       0xa8 C:/ti/simplelink_cc2640r2_sdk_5_30_00_03/source\ti/drivers/lib/drivers_cc26x0r2.am3g(PINCC26XX.om3g)
                0x00000d88                PIN_open
 .text.PIN_add  0x00000e30       0x64 C:/ti/simplelink_cc2640r2_sdk_5_30_00_03/source\ti/drivers/lib/drivers_cc26x0r2.am3g(PINCC26XX.om3g)
                0x00000e30                PIN_add
 .text.PIN_setInterrupt
                0x00000e94       0x38 C:/ti/simplelink_cc2640r2_sdk_5_30_00_03/source\ti/drivers/lib/drivers_cc26x0r2.am3g(PINCC26XX.om3g)
                0x00000e94                PIN_setInterrupt
 .text.emptyClockFunc
                0x00000ecc        0x4 C:/ti/simplelink_cc2640r2_sdk_5_30_00_03/source\ti/drivers/lib/drivers_cc26x0r2.am3g(PowerCC26XX.om3g)
 .text.disableLfClkQualifiersEnableClkLoss
                0x00000ed0       0x3c C:/ti/simplelink_cc2640r2_sdk_5_30_00_03/source\ti/drivers/lib/drivers_cc26x0r2.am3g(PowerCC26XX.om3g)
 .text.nopResourceHandler
                0x00000f0c        0x4 C:/ti/simplelink_cc2640r2_sdk_5_30_00_03/source\ti/drivers/lib/drivers_cc26x0r2.am3g(PowerCC26XX.om3g)
 .text.notify   0x00000f10       0x30 C:/ti/simplelink_cc2640r2_sdk_5_30_00_03/source\ti/drivers/lib/drivers_cc26x0r2.am3g(PowerCC26XX.om3g)
 .text.configureRFCoreClocks
                0x00000f40       0x14 C:/ti/simplelink_cc2640r2_sdk_5_30_00_03/source\ti/drivers/lib/drivers_cc26x0r2.am3g(PowerCC26XX.om3g)
 .text.switchXOSCHFclockFunc
                0x00000f54       0x98 C:/ti/simplelink_cc2640r2_sdk_5_30_00_03/source\ti/drivers/lib/drivers_cc26x0r2.am3g(PowerCC26XX.om3g)
 .text.configureXOSCHF
                0x00000fec       0x68 C:/ti/simplelink_cc2640r2_sdk_5_30_00_03/source\ti/drivers/lib/drivers_cc26x0r2.am3g(PowerCC26XX.om3g)
 .text.Power_disablePolicy
                0x00001054       0x14 C:/ti/simplelink_cc2640r2_sdk_5_30_00_03/source\ti/drivers/lib/drivers_cc26x0r2.am3g(PowerCC26XX.om3g)
                0x00001054                Power_disablePolicy
 .text.Power_enablePolicy
                0x00001068       0x10 C:/ti/simplelink_cc2640r2_sdk_5_30_00_03/source\ti/drivers/lib/drivers_cc26x0r2.am3g(PowerCC26XX.om3g)
                0x00001068                Power_enablePolicy
 .text.Power_getConstraintMask
                0x00001078        0xc C:/ti/simplelink_cc2640r2_sdk_5_30_00_03/source\ti/drivers/lib/drivers_cc26x0r2.am3g(PowerCC26XX.om3g)
                0x00001078                Power_getConstraintMask
 .text.Power_getTransitionLatency
                0x00001084       0x20 C:/ti/simplelink_cc2640r2_sdk_5_30_00_03/source\ti/drivers/lib/drivers_cc26x0r2.am3g(PowerCC26XX.om3g)
                0x00001084                Power_getTransitionLatency
 .text.Power_idleFunc
                0x000010a4       0x18 C:/ti/simplelink_cc2640r2_sdk_5_30_00_03/source\ti/drivers/lib/drivers_cc26x0r2.am3g(PowerCC26XX.om3g)
                0x000010a4                Power_idleFunc
 .text.Power_releaseConstraint
                0x000010bc       0x34 C:/ti/simplelink_cc2640r2_sdk_5_30_00_03/source\ti/drivers/lib/drivers_cc26x0r2.am3g(PowerCC26XX.om3g)
                0x000010bc                Power_releaseConstraint
 .text.lfClockReadyCallback
                0x000010f0       0x74 C:/ti/simplelink_cc2640r2_sdk_5_30_00_03/source\ti/drivers/lib/drivers_cc26x0r2.am3g(PowerCC26XX.om3g)
 .text.Power_releaseDependency
                0x00001164       0xa8 C:/ti/simplelink_cc2640r2_sdk_5_30_00_03/source\ti/drivers/lib/drivers_cc26x0r2.am3g(PowerCC26XX.om3g)
                0x00001164                Power_releaseDependency
 .text.Power_setConstraint
                0x0000120c       0x30 C:/ti/simplelink_cc2640r2_sdk_5_30_00_03/source\ti/drivers/lib/drivers_cc26x0r2.am3g(PowerCC26XX.om3g)
                0x0000120c                Power_setConstraint
 .text.Power_init
                0x0000123c      0x15c C:/ti/simplelink_cc2640r2_sdk_5_30_00_03/source\ti/drivers/lib/drivers_cc26x0r2.am3g(PowerCC26XX.om3g)
                0x0000123c                Power_init
 .text.Power_setDependency
                0x00001398       0xb0 C:/ti/simplelink_cc2640r2_sdk_5_30_00_03/source\ti/drivers/lib/drivers_cc26x0r2.am3g(PowerCC26XX.om3g)
                0x00001398                Power_setDependency
 .text.Power_sleep
                0x00001448      0x270 C:/ti/simplelink_cc2640r2_sdk_5_30_00_03/source\ti/drivers/lib/drivers_cc26x0r2.am3g(PowerCC26XX.om3g)
                0x00001448                Power_sleep
 .text.PowerCC26XX_calibrate
                0x000016b8       0x68 C:/ti/simplelink_cc2640r2_sdk_5_30_00_03/source\ti/drivers/lib/drivers_cc26x0r2.am3g(PowerCC26XX.om3g)
                0x000016b8                PowerCC26XX_calibrate
 .text.PowerCC26XX_initiateCalibration
                0x00001720       0x74 C:/ti/simplelink_cc2640r2_sdk_5_30_00_03/source\ti/drivers/lib/drivers_cc26x0r2.am3g(PowerCC26XX_calibrateRCOSC.om3g)
                0x00001720                PowerCC26XX_initiateCalibration
 .text.PowerCC26XX_doCalibrate
                0x00001794      0x1e8 C:/ti/simplelink_cc2640r2_sdk_5_30_00_03/source\ti/drivers/lib/drivers_cc26x0r2.am3g(PowerCC26XX_calibrateRCOSC.om3g)
                0x00001794                PowerCC26XX_doCalibrate
 .text.PowerCC26XX_auxISR
                0x0000197c      0x2f4 C:/ti/simplelink_cc2640r2_sdk_5_30_00_03/source\ti/drivers/lib/drivers_cc26x0r2.am3g(PowerCC26XX_calibrateRCOSC.om3g)
                0x0000197c                PowerCC26XX_auxISR
 .text.PowerCC26XX_RCOSC_clockFunc
                0x00001c70       0x64 C:/ti/simplelink_cc2640r2_sdk_5_30_00_03/source\ti/drivers/lib/drivers_cc26x0r2.am3g(PowerCC26XX_calibrateRCOSC.om3g)
                0x00001c70                PowerCC26XX_RCOSC_clockFunc
 .text.NoRTOS_start
                0x00001cd4        0x4 C:/ti/simplelink_cc2640r2_sdk_5_30_00_03/kernel/nortos\lib/nortos_cc26x0r2.am3g(NoRTOS.om3g)
                0x00001cd4                NoRTOS_start
 .text.clkFxn   0x00001cd8        0x4 C:/ti/simplelink_cc2640r2_sdk_5_30_00_03/kernel/nortos\lib/nortos_cc26x0r2.am3g(SemaphoreP_nortos.om3g)
                0x00001cd8                clkFxn
 .text.SemaphoreP_construct
                0x00001cdc       0x5c C:/ti/simplelink_cc2640r2_sdk_5_30_00_03/kernel/nortos\lib/nortos_cc26x0r2.am3g(SemaphoreP_nortos.om3g)
                0x00001cdc                SemaphoreP_construct
 .text.SemaphoreP_constructBinary
                0x00001d38       0x2c C:/ti/simplelink_cc2640r2_sdk_5_30_00_03/kernel/nortos\lib/nortos_cc26x0r2.am3g(SemaphoreP_nortos.om3g)
                0x00001d38                SemaphoreP_constructBinary
 .text.SemaphoreP_createBinary
                0x00001d64       0x30 C:/ti/simplelink_cc2640r2_sdk_5_30_00_03/kernel/nortos\lib/nortos_cc26x0r2.am3g(SemaphoreP_nortos.om3g)
                0x00001d64                SemaphoreP_createBinary
 .text.SemaphoreP_delete
                0x00001d94        0x4 C:/ti/simplelink_cc2640r2_sdk_5_30_00_03/kernel/nortos\lib/nortos_cc26x0r2.am3g(SemaphoreP_nortos.om3g)
                0x00001d94                SemaphoreP_delete
 .text.SemaphoreP_pend
                0x00001d98       0xb4 C:/ti/simplelink_cc2640r2_sdk_5_30_00_03/kernel/nortos\lib/nortos_cc26x0r2.am3g(SemaphoreP_nortos.om3g)
                0x00001d98                SemaphoreP_pend
 .text.SemaphoreP_post
                0x00001e4c       0x4c C:/ti/simplelink_cc2640r2_sdk_5_30_00_03/kernel/nortos\lib/nortos_cc26x0r2.am3g(SemaphoreP_nortos.om3g)
                0x00001e4c                SemaphoreP_post
 .text.SwiP_construct.part.0
                0x00001e98      0x100 C:/ti/simplelink_cc2640r2_sdk_5_30_00_03/kernel/nortos\lib/nortos_cc26x0r2.am3g(SwiP_nortos.om3g)
 .text.SwiP_Params_init
                0x00001f98       0x10 C:/ti/simplelink_cc2640r2_sdk_5_30_00_03/kernel/nortos\lib/nortos_cc26x0r2.am3g(SwiP_nortos.om3g)
                0x00001f98                SwiP_Params_init
 .text.SwiP_construct
                0x00001fa8        0x8 C:/ti/simplelink_cc2640r2_sdk_5_30_00_03/kernel/nortos\lib/nortos_cc26x0r2.am3g(SwiP_nortos.om3g)
                0x00001fa8                SwiP_construct
 .text.SwiP_disable
                0x00001fb0       0x1c C:/ti/simplelink_cc2640r2_sdk_5_30_00_03/kernel/nortos\lib/nortos_cc26x0r2.am3g(SwiP_nortos.om3g)
                0x00001fb0                SwiP_disable
 .text.SwiP_dispatch
                0x00001fcc       0xac C:/ti/simplelink_cc2640r2_sdk_5_30_00_03/kernel/nortos\lib/nortos_cc26x0r2.am3g(SwiP_nortos.om3g)
                0x00001fcc                SwiP_dispatch
 .text.SwiP_handleHwi
                0x00002078       0x18 C:/ti/simplelink_cc2640r2_sdk_5_30_00_03/kernel/nortos\lib/nortos_cc26x0r2.am3g(SwiP_nortos.om3g)
 .text.SwiP_getTrigger
                0x00002090        0xc C:/ti/simplelink_cc2640r2_sdk_5_30_00_03/kernel/nortos\lib/nortos_cc26x0r2.am3g(SwiP_nortos.om3g)
                0x00002090                SwiP_getTrigger
 .text.SwiP_post
                0x0000209c       0x70 C:/ti/simplelink_cc2640r2_sdk_5_30_00_03/kernel/nortos\lib/nortos_cc26x0r2.am3g(SwiP_nortos.om3g)
                0x0000209c                SwiP_post
 .text.SwiP_or  0x0000210c       0x20 C:/ti/simplelink_cc2640r2_sdk_5_30_00_03/kernel/nortos\lib/nortos_cc26x0r2.am3g(SwiP_nortos.om3g)
                0x0000210c                SwiP_or
 .text.SwiP_restore
                0x0000212c       0x48 C:/ti/simplelink_cc2640r2_sdk_5_30_00_03/kernel/nortos\lib/nortos_cc26x0r2.am3g(SwiP_nortos.om3g)
                0x0000212c                SwiP_restore
 .text.ClockP_doTick
                0x00002174        0xc C:/ti/simplelink_cc2640r2_sdk_5_30_00_03/kernel/nortos\lib/nortos_cc26x0r2.am3g(ClockPTimer_nortos.om3g)
                0x00002174                ClockP_doTick
 .text.ClockP_startup.part.1
                0x00002180       0xa8 C:/ti/simplelink_cc2640r2_sdk_5_30_00_03/kernel/nortos\lib/nortos_cc26x0r2.am3g(ClockPTimer_nortos.om3g)
 .text.ClockP_Params_init
                0x00002228       0x10 C:/ti/simplelink_cc2640r2_sdk_5_30_00_03/kernel/nortos\lib/nortos_cc26x0r2.am3g(ClockPTimer_nortos.om3g)
                0x00002228                ClockP_Params_init
 .text.ClockP_startup
                0x00002238       0x10 C:/ti/simplelink_cc2640r2_sdk_5_30_00_03/kernel/nortos\lib/nortos_cc26x0r2.am3g(ClockPTimer_nortos.om3g)
                0x00002238                ClockP_startup
 .text.ClockP_getTicks
                0x00002248       0x24 C:/ti/simplelink_cc2640r2_sdk_5_30_00_03/kernel/nortos\lib/nortos_cc26x0r2.am3g(ClockPTimer_nortos.om3g)
                0x00002248                ClockP_getTicks
 .text.ClockP_getTicksUntilInterrupt
                0x0000226c       0x30 C:/ti/simplelink_cc2640r2_sdk_5_30_00_03/kernel/nortos\lib/nortos_cc26x0r2.am3g(ClockPTimer_nortos.om3g)
                0x0000226c                ClockP_getTicksUntilInterrupt
 .text.ClockP_walkQueueDynamic
                0x0000229c       0x70 C:/ti/simplelink_cc2640r2_sdk_5_30_00_03/kernel/nortos\lib/nortos_cc26x0r2.am3g(ClockPTimer_nortos.om3g)
                0x0000229c                ClockP_walkQueueDynamic
 .text.ClockP_workFuncDynamic
                0x0000230c       0xc0 C:/ti/simplelink_cc2640r2_sdk_5_30_00_03/kernel/nortos\lib/nortos_cc26x0r2.am3g(ClockPTimer_nortos.om3g)
                0x0000230c                ClockP_workFuncDynamic
 .text.ClockP_add
                0x000023cc       0x1c C:/ti/simplelink_cc2640r2_sdk_5_30_00_03/kernel/nortos\lib/nortos_cc26x0r2.am3g(ClockPTimer_nortos.om3g)
                0x000023cc                ClockP_add
 .text.ClockP_destruct
                0x000023e8       0x1c C:/ti/simplelink_cc2640r2_sdk_5_30_00_03/kernel/nortos\lib/nortos_cc26x0r2.am3g(ClockPTimer_nortos.om3g)
                0x000023e8                ClockP_destruct
 .text.ClockP_start
                0x00002404       0x84 C:/ti/simplelink_cc2640r2_sdk_5_30_00_03/kernel/nortos\lib/nortos_cc26x0r2.am3g(ClockPTimer_nortos.om3g)
                0x00002404                ClockP_start
 .text.ClockP_construct
                0x00002488       0x54 C:/ti/simplelink_cc2640r2_sdk_5_30_00_03/kernel/nortos\lib/nortos_cc26x0r2.am3g(ClockPTimer_nortos.om3g)
                0x00002488                ClockP_construct
 .text.ClockP_stop
                0x000024dc        0x8 C:/ti/simplelink_cc2640r2_sdk_5_30_00_03/kernel/nortos\lib/nortos_cc26x0r2.am3g(ClockPTimer_nortos.om3g)
                0x000024dc                ClockP_stop
 .text.ClockP_setTimeout
                0x000024e4        0x4 C:/ti/simplelink_cc2640r2_sdk_5_30_00_03/kernel/nortos\lib/nortos_cc26x0r2.am3g(ClockPTimer_nortos.om3g)
                0x000024e4                ClockP_setTimeout
 .text.ClockP_isActive
                0x000024e8        0x4 C:/ti/simplelink_cc2640r2_sdk_5_30_00_03/kernel/nortos\lib/nortos_cc26x0r2.am3g(ClockPTimer_nortos.om3g)
                0x000024e8                ClockP_isActive
 .text.TimerP_dynamicStub
                0x000024ec       0x18 C:/ti/simplelink_cc2640r2_sdk_5_30_00_03/kernel/nortos\lib/nortos_cc26x0r2.am3g(TimerPCC26XX_nortos.om3g)
                0x000024ec                TimerP_dynamicStub
 .text.TimerP_Params_init
                0x00002504       0x10 C:/ti/simplelink_cc2640r2_sdk_5_30_00_03/kernel/nortos\lib/nortos_cc26x0r2.am3g(TimerPCC26XX_nortos.om3g)
                0x00002504                TimerP_Params_init
 .text.TimerP_getMaxTicks
                0x00002514       0x24 C:/ti/simplelink_cc2640r2_sdk_5_30_00_03/kernel/nortos\lib/nortos_cc26x0r2.am3g(TimerPCC26XX_nortos.om3g)
                0x00002514                TimerP_getMaxTicks
 .text.TimerP_setThreshold
                0x00002538       0x3c C:/ti/simplelink_cc2640r2_sdk_5_30_00_03/kernel/nortos\lib/nortos_cc26x0r2.am3g(TimerPCC26XX_nortos.om3g)
                0x00002538                TimerP_setThreshold
 .text.TimerP_setNextTick
                0x00002574       0x30 C:/ti/simplelink_cc2640r2_sdk_5_30_00_03/kernel/nortos\lib/nortos_cc26x0r2.am3g(TimerPCC26XX_nortos.om3g)
                0x00002574                TimerP_setNextTick
 .text.TimerP_start
                0x000025a4       0x80 C:/ti/simplelink_cc2640r2_sdk_5_30_00_03/kernel/nortos\lib/nortos_cc26x0r2.am3g(TimerPCC26XX_nortos.om3g)
                0x000025a4                TimerP_start
 .text.TimerP_construct.part.0
                0x00002624      0x100 C:/ti/simplelink_cc2640r2_sdk_5_30_00_03/kernel/nortos\lib/nortos_cc26x0r2.am3g(TimerPCC26XX_nortos.om3g)
 .text.TimerP_construct
                0x00002724       0x10 C:/ti/simplelink_cc2640r2_sdk_5_30_00_03/kernel/nortos\lib/nortos_cc26x0r2.am3g(TimerPCC26XX_nortos.om3g)
                0x00002724                TimerP_construct
 .text.TimerP_getFreq
                0x00002734        0xc C:/ti/simplelink_cc2640r2_sdk_5_30_00_03/kernel/nortos\lib/nortos_cc26x0r2.am3g(TimerPCC26XX_nortos.om3g)
                0x00002734                TimerP_getFreq
 .text.TimerP_getCurrentTick
                0x00002740       0x34 C:/ti/simplelink_cc2640r2_sdk_5_30_00_03/kernel/nortos\lib/nortos_cc26x0r2.am3g(TimerPCC26XX_nortos.om3g)
                0x00002740                TimerP_getCurrentTick
 .text.HwiP_dispatch
                0x00002774       0x1c C:/ti/simplelink_cc2640r2_sdk_5_30_00_03/kernel/nortos\lib/nortos_cc26x0r2.am3g(HwiPCC26XX_nortos.om3g)
 .text.HwiP_enable
                0x00002790        0x4 C:/ti/simplelink_cc2640r2_sdk_5_30_00_03/kernel/nortos\lib/nortos_cc26x0r2.am3g(HwiPCC26XX_nortos.om3g)
                0x00002790                HwiP_enable
 .text.HwiP_disable
                0x00002794       0x10 C:/ti/simplelink_cc2640r2_sdk_5_30_00_03/kernel/nortos\lib/nortos_cc26x0r2.am3g(HwiPCC26XX_nortos.om3g)
                0x00002794                HwiP_disable
 .text.HwiP_restore
                0x000027a4        0x8 C:/ti/simplelink_cc2640r2_sdk_5_30_00_03/kernel/nortos\lib/nortos_cc26x0r2.am3g(HwiPCC26XX_nortos.om3g)
                0x000027a4                HwiP_restore
 .text.HwiP_construct
                0x000027ac       0x84 C:/ti/simplelink_cc2640r2_sdk_5_30_00_03/kernel/nortos\lib/nortos_cc26x0r2.am3g(HwiPCC26XX_nortos.om3g)
                0x000027ac                HwiP_construct
 .text.HwiP_Params_init
                0x00002830       0x14 C:/ti/simplelink_cc2640r2_sdk_5_30_00_03/kernel/nortos\lib/nortos_cc26x0r2.am3g(HwiPCC26XX_nortos.om3g)
                0x00002830                HwiP_Params_init
 .text.HwiP_post
                0x00002844        0x4 C:/ti/simplelink_cc2640r2_sdk_5_30_00_03/kernel/nortos\lib/nortos_cc26x0r2.am3g(HwiPCC26XX_nortos.om3g)
                0x00002844                HwiP_post
 .text.HwiP_inISR
                0x00002848       0x14 C:/ti/simplelink_cc2640r2_sdk_5_30_00_03/kernel/nortos\lib/nortos_cc26x0r2.am3g(HwiPCC26XX_nortos.om3g)
                0x00002848                HwiP_inISR
 .text.PowerCC26XX_standbyPolicy
                0x0000285c      0x108 C:/ti/simplelink_cc2640r2_sdk_5_30_00_03/kernel/nortos\lib/nortos_cc26x0r2.am3g(PowerCC26XX_nortos.om3g)
                0x0000285c                PowerCC26XX_standbyPolicy
 .text.PowerCC26XX_schedulerDisable
                0x00002964       0x10 C:/ti/simplelink_cc2640r2_sdk_5_30_00_03/kernel/nortos\lib/nortos_cc26x0r2.am3g(PowerCC26XX_nortos.om3g)
                0x00002964                PowerCC26XX_schedulerDisable
 .text.PowerCC26XX_schedulerRestore
                0x00002974        0xc C:/ti/simplelink_cc2640r2_sdk_5_30_00_03/kernel/nortos\lib/nortos_cc26x0r2.am3g(PowerCC26XX_nortos.om3g)
                0x00002974                PowerCC26XX_schedulerRestore
 .text.resetISR
                0x00002980       0x10 C:/ti/simplelink_cc2640r2_sdk_5_30_00_03/kernel/nortos\lib/nortos_cc26x0r2.am3g(startup_cc13xx_cc26xx_gcc.om3g)
                0x00002980                resetISR
 .text.nmiISR   0x00002990        0x4 C:/ti/simplelink_cc2640r2_sdk_5_30_00_03/kernel/nortos\lib/nortos_cc26x0r2.am3g(startup_cc13xx_cc26xx_gcc.om3g)
 .text.faultISR
                0x00002994        0x4 C:/ti/simplelink_cc2640r2_sdk_5_30_00_03/kernel/nortos\lib/nortos_cc26x0r2.am3g(startup_cc13xx_cc26xx_gcc.om3g)
 .text.busFaultHandler
                0x00002998        0x4 C:/ti/simplelink_cc2640r2_sdk_5_30_00_03/kernel/nortos\lib/nortos_cc26x0r2.am3g(startup_cc13xx_cc26xx_gcc.om3g)
 .text.defaultHandler
                0x0000299c        0x4 C:/ti/simplelink_cc2640r2_sdk_5_30_00_03/kernel/nortos\lib/nortos_cc26x0r2.am3g(startup_cc13xx_cc26xx_gcc.om3g)
 .text.localProgramStart
                0x000029a0       0x8c C:/ti/simplelink_cc2640r2_sdk_5_30_00_03/kernel/nortos\lib/nortos_cc26x0r2.am3g(startup_cc13xx_cc26xx_gcc.om3g)
                0x000029a0                localProgramStart
 .text._fini    0x00002a2c        0x4 C:/ti/simplelink_cc2640r2_sdk_5_30_00_03/kernel/nortos\lib/nortos_cc26x0r2.am3g(startup_cc13xx_cc26xx_gcc.om3g)
                0x00002a2c                _fini
 .text.QueueP_init
                0x00002a30        0x8 C:/ti/simplelink_cc2640r2_sdk_5_30_00_03/kernel/nortos\lib/nortos_cc26x0r2.am3g(QueueP_nortos.om3g)
                0x00002a30                QueueP_init
 .text.QueueP_empty
                0x00002a38        0xc C:/ti/simplelink_cc2640r2_sdk_5_30_00_03/kernel/nortos\lib/nortos_cc26x0r2.am3g(QueueP_nortos.om3g)
                0x00002a38                QueueP_empty
 .text.QueueP_get
                0x00002a44       0x1c C:/ti/simplelink_cc2640r2_sdk_5_30_00_03/kernel/nortos\lib/nortos_cc26x0r2.am3g(QueueP_nortos.om3g)
                0x00002a44                QueueP_get
 .text.QueueP_head
                0x00002a60        0x4 C:/ti/simplelink_cc2640r2_sdk_5_30_00_03/kernel/nortos\lib/nortos_cc26x0r2.am3g(QueueP_nortos.om3g)
                0x00002a60                QueueP_head
 .text.QueueP_next
                0x00002a64        0x4 C:/ti/simplelink_cc2640r2_sdk_5_30_00_03/kernel/nortos\lib/nortos_cc26x0r2.am3g(QueueP_nortos.om3g)
                0x00002a64                QueueP_next
 .text.QueueP_put
                0x00002a68       0x20 C:/ti/simplelink_cc2640r2_sdk_5_30_00_03/kernel/nortos\lib/nortos_cc26x0r2.am3g(QueueP_nortos.om3g)
                0x00002a68                QueueP_put
 .text.QueueP_remove
                0x00002a88       0x10 C:/ti/simplelink_cc2640r2_sdk_5_30_00_03/kernel/nortos\lib/nortos_cc26x0r2.am3g(QueueP_nortos.om3g)
                0x00002a88                QueueP_remove
 .text.SafeHapiVoid
                0x00002a98       0x28 C:/ti/simplelink_cc2640r2_sdk_5_30_00_03/source\ti/devices/cc26x0r2/driverlib/bin/gcc/driverlib.lib(adi.o)
                0x00002a98                SafeHapiVoid
 .text.NOROM_ChipInfo_GetPackageType
                0x00002ac0       0x18 C:/ti/simplelink_cc2640r2_sdk_5_30_00_03/source\ti/devices/cc26x0r2/driverlib/bin/gcc/driverlib.lib(chipinfo.o)
                0x00002ac0                NOROM_ChipInfo_GetPackageType
 .text.NOROM_ChipInfo_GetChipFamily
                0x00002ad8       0x28 C:/ti/simplelink_cc2640r2_sdk_5_30_00_03/source\ti/devices/cc26x0r2/driverlib/bin/gcc/driverlib.lib(chipinfo.o)
                0x00002ad8                NOROM_ChipInfo_GetChipFamily
 .text.NOROM_ChipInfo_GetChipType
                0x00002b00       0x28 C:/ti/simplelink_cc2640r2_sdk_5_30_00_03/source\ti/devices/cc26x0r2/driverlib/bin/gcc/driverlib.lib(chipinfo.o)
                0x00002b00                NOROM_ChipInfo_GetChipType
 .text.NOROM_ThisLibraryIsFor_CC26x0R2_HaltIfViolated
                0x00002b28        0xe C:/ti/simplelink_cc2640r2_sdk_5_30_00_03/source\ti/devices/cc26x0r2/driverlib/bin/gcc/driverlib.lib(chipinfo.o)
                0x00002b28                NOROM_ThisLibraryIsFor_CC26x0R2_HaltIfViolated
 .text.NOROM_CPUcpsid
                0x00002b36        0x8 C:/ti/simplelink_cc2640r2_sdk_5_30_00_03/source\ti/devices/cc26x0r2/driverlib/bin/gcc/driverlib.lib(cpu.o)
                0x00002b36                NOROM_CPUcpsid
 .text.NOROM_CPUcpsie
                0x00002b3e        0x8 C:/ti/simplelink_cc2640r2_sdk_5_30_00_03/source\ti/devices/cc26x0r2/driverlib/bin/gcc/driverlib.lib(cpu.o)
                0x00002b3e                NOROM_CPUcpsie
 .text.NOROM_CPUdelay
                0x00002b46        0x6 C:/ti/simplelink_cc2640r2_sdk_5_30_00_03/source\ti/devices/cc26x0r2/driverlib/bin/gcc/driverlib.lib(cpu.o)
                0x00002b46                NOROM_CPUdelay
 .text.NOROM_IntRegister
                0x00002b4c       0x34 C:/ti/simplelink_cc2640r2_sdk_5_30_00_03/source\ti/devices/cc26x0r2/driverlib/bin/gcc/driverlib.lib(interrupt.o)
                0x00002b4c                NOROM_IntRegister
 .text.NOROM_IntPrioritySet
                0x00002b80       0x28 C:/ti/simplelink_cc2640r2_sdk_5_30_00_03/source\ti/devices/cc26x0r2/driverlib/bin/gcc/driverlib.lib(interrupt.o)
                0x00002b80                NOROM_IntPrioritySet
 .text.NOROM_IntPendSet
                0x00002ba8       0x5c C:/ti/simplelink_cc2640r2_sdk_5_30_00_03/source\ti/devices/cc26x0r2/driverlib/bin/gcc/driverlib.lib(interrupt.o)
                0x00002ba8                NOROM_IntPendSet
 .text.NOROM_OSCHF_TurnOnXosc
                0x00002c04       0x28 C:/ti/simplelink_cc2640r2_sdk_5_30_00_03/source\ti/devices/cc26x0r2/driverlib/bin/gcc/driverlib.lib(osc.o)
                0x00002c04                NOROM_OSCHF_TurnOnXosc
 .text.NOROM_OSCHF_AttemptToSwitchToXosc
                0x00002c2c       0x74 C:/ti/simplelink_cc2640r2_sdk_5_30_00_03/source\ti/devices/cc26x0r2/driverlib/bin/gcc/driverlib.lib(osc.o)
                0x00002c2c                NOROM_OSCHF_AttemptToSwitchToXosc
 .text.NOROM_OSCHF_SwitchToRcOscTurnOffXosc
                0x00002ca0       0x4c C:/ti/simplelink_cc2640r2_sdk_5_30_00_03/source\ti/devices/cc26x0r2/driverlib/bin/gcc/driverlib.lib(osc.o)
                0x00002ca0                NOROM_OSCHF_SwitchToRcOscTurnOffXosc
 .text.NOROM_OSC_HPOSCRelativeFrequencyOffsetGet
                0x00002cec       0x3c C:/ti/simplelink_cc2640r2_sdk_5_30_00_03/source\ti/devices/cc26x0r2/driverlib/bin/gcc/driverlib.lib(osc.o)
                0x00002cec                NOROM_OSC_HPOSCRelativeFrequencyOffsetGet
 .text.NOROM_OSC_HPOSCRelativeFrequencyOffsetToRFCoreFormatConvert
                0x00002d28        0xc C:/ti/simplelink_cc2640r2_sdk_5_30_00_03/source\ti/devices/cc26x0r2/driverlib/bin/gcc/driverlib.lib(osc.o)
                0x00002d28                NOROM_OSC_HPOSCRelativeFrequencyOffsetToRFCoreFormatConvert
 .text.TrimAfterColdResetWakeupFromShutDown
                0x00002d34       0xdc C:/ti/simplelink_cc2640r2_sdk_5_30_00_03/source\ti/devices/cc26x0r2/driverlib/bin/gcc/driverlib.lib(setup.o)
 .text.NOROM_SetupTrimDevice
                0x00002e10       0xac C:/ti/simplelink_cc2640r2_sdk_5_30_00_03/source\ti/devices/cc26x0r2/driverlib/bin/gcc/driverlib.lib(setup.o)
                0x00002e10                NOROM_SetupTrimDevice
 .text.NOROM_SysCtrlSetRechargeBeforePowerDown
                0x00002ebc      0x1f4 C:/ti/simplelink_cc2640r2_sdk_5_30_00_03/source\ti/devices/cc26x0r2/driverlib/bin/gcc/driverlib.lib(sys_ctrl.o)
                0x00002ebc                NOROM_SysCtrlSetRechargeBeforePowerDown
 .text.NOROM_SysCtrlAdjustRechargeAfterPowerDown
                0x000030b0       0x74 C:/ti/simplelink_cc2640r2_sdk_5_30_00_03/source\ti/devices/cc26x0r2/driverlib/bin/gcc/driverlib.lib(sys_ctrl.o)
                0x000030b0                NOROM_SysCtrlAdjustRechargeAfterPowerDown
 .text.NOROM_SysCtrl_DCDC_VoltageConditionalControl
                0x00003124       0x78 C:/ti/simplelink_cc2640r2_sdk_5_30_00_03/source\ti/devices/cc26x0r2/driverlib/bin/gcc/driverlib.lib(sys_ctrl.o)
                0x00003124                NOROM_SysCtrl_DCDC_VoltageConditionalControl
 .text.malloc   0x0000319c       0x10 C:/ti/gcc-arm-none-eabi_7_2_1/arm-none-eabi/lib/thumb/v7-m\libc_nano.a(lib_a-malloc.o)
                0x0000319c                malloc
 .text.free     0x000031ac       0x10 C:/ti/gcc-arm-none-eabi_7_2_1/arm-none-eabi/lib/thumb/v7-m\libc_nano.a(lib_a-malloc.o)
                0x000031ac                free
 .text._free_r  0x000031bc       0x98 C:/ti/gcc-arm-none-eabi_7_2_1/arm-none-eabi/lib/thumb/v7-m\libc_nano.a(lib_a-nano-freer.o)
                0x000031bc                _free_r
 .text._malloc_r
                0x00003254       0xb4 C:/ti/gcc-arm-none-eabi_7_2_1/arm-none-eabi/lib/thumb/v7-m\libc_nano.a(lib_a-nano-mallocr.o)
                0x00003254                _malloc_r
 .text._sbrk_r  0x00003308       0x20 C:/ti/gcc-arm-none-eabi_7_2_1/arm-none-eabi/lib/thumb/v7-m\libc_nano.a(lib_a-sbrkr.o)
                0x00003308                _sbrk_r
 .text.__malloc_lock
                0x00003328        0x2 C:/ti/gcc-arm-none-eabi_7_2_1/arm-none-eabi/lib/thumb/v7-m\libc_nano.a(lib_a-mlock.o)
                0x00003328                __malloc_lock
 .text.__malloc_unlock
                0x0000332a        0x2 C:/ti/gcc-arm-none-eabi_7_2_1/arm-none-eabi/lib/thumb/v7-m\libc_nano.a(lib_a-mlock.o)
                0x0000332a                __malloc_unlock
 .text._sbrk    0x0000332c       0x1c C:/ti/gcc-arm-none-eabi_7_2_1/arm-none-eabi/lib/thumb/v7-m\libnosys.a(sbrk.o)
                0x0000332c                _sbrk
                0x00003348                . = ALIGN (0x4)
 *(.ctors)
                0x00003348                . = ALIGN (0x4)
 *(.dtors)
                0x00003348                . = ALIGN (0x4)
                0x00003348                __init_array_start = .
 *(.init_array*)
                0x00003348                __init_array_end = .
 *(.init)
 *(.fini*)
                [!provide]                PROVIDE (__etext, .)
                [!provide]                PROVIDE (_etext, .)
                [!provide]                PROVIDE (etext, .)

.glue_7         0x00003348        0x0
 .glue_7        0x00003348        0x0 linker stubs

.glue_7t        0x00003348        0x0
 .glue_7t       0x00003348        0x0 linker stubs

.vfp11_veneer   0x00003348        0x0
 .vfp11_veneer  0x00003348        0x0 linker stubs

.v4_bx          0x00003348        0x0
 .v4_bx         0x00003348        0x0 linker stubs

.iplt           0x00003348        0x0
 .iplt          0x00003348        0x0 ./CC2640R2_LAUNCHXL.o

.rodata         0x00003348      0x160
 *(.rodata)
 .rodata        0x00003348       0x1c ./CC2640R2_LAUNCHXL_fxns.o
 *(.rodata.*)
 .rodata.GPIOCC26XX_config
                0x00003364       0x14 ./CC2640R2_LAUNCHXL.o
                0x00003364                GPIOCC26XX_config
 .rodata.BoardGpioInitTable
                0x00003378       0x2c ./CC2640R2_LAUNCHXL.o
                0x00003378                BoardGpioInitTable
 .rodata.PINCC26XX_hwAttrs
                0x000033a4        0x8 ./CC2640R2_LAUNCHXL.o
                0x000033a4                PINCC26XX_hwAttrs
 .rodata.PowerCC26XX_config
                0x000033ac       0x18 ./CC2640R2_LAUNCHXL.o
                0x000033ac                PowerCC26XX_config
 .rodata.inPinTypes
                0x000033c4        0xc C:/ti/simplelink_cc2640r2_sdk_5_30_00_03/source\ti/drivers/lib/drivers_cc26x0r2.am3g(GPIOCC26XX.om3g)
                0x000033c4                inPinTypes
 .rodata.interruptType
                0x000033d0       0x18 C:/ti/simplelink_cc2640r2_sdk_5_30_00_03/source\ti/drivers/lib/drivers_cc26x0r2.am3g(GPIOCC26XX.om3g)
 .rodata.outPinStrengths
                0x000033e8        0xc C:/ti/simplelink_cc2640r2_sdk_5_30_00_03/source\ti/drivers/lib/drivers_cc26x0r2.am3g(GPIOCC26XX.om3g)
                0x000033e8                outPinStrengths
 .rodata.outPinTypes
                0x000033f4       0x10 C:/ti/simplelink_cc2640r2_sdk_5_30_00_03/source\ti/drivers/lib/drivers_cc26x0r2.am3g(GPIOCC26XX.om3g)
                0x000033f4                outPinTypes
 .rodata.resourceDB
                0x00003404       0x4c C:/ti/simplelink_cc2640r2_sdk_5_30_00_03/source\ti/drivers/lib/drivers_cc26x0r2.am3g(PowerCC26XX.om3g)
                0x00003404                resourceDB
 .rodata.SwiP_defaultParams
                0x00003450       0x10 C:/ti/simplelink_cc2640r2_sdk_5_30_00_03/kernel/nortos\lib/nortos_cc26x0r2.am3g(SwiP_nortos.om3g)
 .rodata.g_pui32Regs
                0x00003460       0x48 C:/ti/simplelink_cc2640r2_sdk_5_30_00_03/source\ti/devices/cc26x0r2/driverlib/bin/gcc/driverlib.lib(interrupt.o)

.data           0x20000000      0x1c8 load address 0x000034a8
                0x000034a8                __data_load__ = LOADADDR (.data)
                0x20000000                __data_start__ = .
 *(.data)
 *(.data.*)
 .data.gpioPinConfigs
                0x20000000       0x30 ./CC2640R2_LAUNCHXL.o
                0x20000000                gpioPinConfigs
 .data.gpioPinTable
                0x20000030        0x4 C:/ti/simplelink_cc2640r2_sdk_5_30_00_03/source\ti/drivers/lib/drivers_cc26x0r2.am3g(GPIOCC26XX.om3g)
 .data.PowerCC26XX_module
                0x20000034      0x114 C:/ti/simplelink_cc2640r2_sdk_5_30_00_03/source\ti/drivers/lib/drivers_cc26x0r2.am3g(PowerCC26XX.om3g)
                0x20000034                PowerCC26XX_module
 .data.SemaphoreP_defaultParams
                0x20000148        0x8 C:/ti/simplelink_cc2640r2_sdk_5_30_00_03/kernel/nortos\lib/nortos_cc26x0r2.am3g(SemaphoreP_nortos.om3g)
                0x20000148                SemaphoreP_defaultParams
 .data.ClockP_tickPeriod
                0x20000150        0x4 C:/ti/simplelink_cc2640r2_sdk_5_30_00_03/kernel/nortos\lib/nortos_cc26x0r2.am3g(ClockPTimer_nortos.om3g)
                0x20000150                ClockP_tickPeriod
 .data.TimerP_defaultParams
                0x20000154        0xc C:/ti/simplelink_cc2640r2_sdk_5_30_00_03/kernel/nortos\lib/nortos_cc26x0r2.am3g(TimerPCC26XX_nortos.om3g)
 .data.HwiP_swiPIntNum
                0x20000160        0x4 C:/ti/simplelink_cc2640r2_sdk_5_30_00_03/kernel/nortos\lib/nortos_cc26x0r2.am3g(HwiPCC26XX_nortos.om3g)
                0x20000160                HwiP_swiPIntNum
 .data._impure_ptr
                0x20000164        0x4 C:/ti/gcc-arm-none-eabi_7_2_1/arm-none-eabi/lib/thumb/v7-m\libc_nano.a(lib_a-impure.o)
                0x20000164                _impure_ptr
 .data.impure_data
                0x20000168       0x60 C:/ti/gcc-arm-none-eabi_7_2_1/arm-none-eabi/lib/thumb/v7-m\libc_nano.a(lib_a-impure.o)
                0x200001c8                . = ALIGN (0x4)
                0x200001c8                __data_end__ = .

.igot.plt       0x200001c8        0x0 load address 0x00003670
 .igot.plt      0x200001c8        0x0 ./CC2640R2_LAUNCHXL.o

vtable_ram      0x20000200       0xc8 load address 0x00003670
 vtable_ram     0x20000200       0xc8 C:/ti/simplelink_cc2640r2_sdk_5_30_00_03/source\ti/devices/cc26x0r2/driverlib/bin/gcc/driverlib.lib(interrupt.o)

.ARM.exidx      0x00003738        0x8
                0x00003738                __exidx_start = .
 *(.ARM.exidx* .gnu.linkonce.armexidx.*)
 .ARM.exidx     0x00003738        0x8 c:/ti/gcc-arm-none-eabi_7_2_1/bin/../lib/gcc/arm-none-eabi/7.2.1/thumb/v7-m\libgcc.a(_udivmoddi4.o)
                0x00003740                __exidx_end = .

.ARM.extab
 *(.ARM.extab* .gnu.linkonce.armextab.*)

.nvs
 *(.nvs)

.ccfg           0x0001ffa8       0x58
 *(.ccfg)
 .ccfg          0x0001ffa8       0x58 ./ccfg.o
                0x0001ffa8                __ccfg

.rel.dyn        0x00020000        0x0
 .rel.iplt      0x00020000        0x0 ./CC2640R2_LAUNCHXL.o

.bss            0x200002c8      0x390
                0x200002c8                __bss_start__ = .
 *(.shbss)
 *(.bss)
 *(.bss.*)
 .bss.gpioCallbackFunctions
                0x200002c8       0x10 ./CC2640R2_LAUNCHXL.o
                0x200002c8                gpioCallbackFunctions
 .bss.configIntsEnabledMask
                0x200002d8        0x4 C:/ti/simplelink_cc2640r2_sdk_5_30_00_03/source\ti/drivers/lib/drivers_cc26x0r2.am3g(GPIOCC26XX.om3g)
 .bss.gpioCallbackInfo
                0x200002dc       0x20 C:/ti/simplelink_cc2640r2_sdk_5_30_00_03/source\ti/drivers/lib/drivers_cc26x0r2.am3g(GPIOCC26XX.om3g)
 .bss.gpioPinHandle
                0x200002fc        0x4 C:/ti/simplelink_cc2640r2_sdk_5_30_00_03/source\ti/drivers/lib/drivers_cc26x0r2.am3g(GPIOCC26XX.om3g)
 .bss.gpioPinState
                0x20000300        0xc C:/ti/simplelink_cc2640r2_sdk_5_30_00_03/source\ti/drivers/lib/drivers_cc26x0r2.am3g(GPIOCC26XX.om3g)
 .bss.initCalled
                0x2000030c        0x1 C:/ti/simplelink_cc2640r2_sdk_5_30_00_03/source\ti/drivers/lib/drivers_cc26x0r2.am3g(GPIOCC26XX.om3g)
 *fill*         0x2000030d        0x3 
 .bss.initSem.4819
                0x20000310        0x4 C:/ti/simplelink_cc2640r2_sdk_5_30_00_03/source\ti/drivers/lib/drivers_cc26x0r2.am3g(GPIOCC26XX.om3g)
 .bss.defaultPinConfig
                0x20000314        0x4 C:/ti/simplelink_cc2640r2_sdk_5_30_00_03/source\ti/drivers/lib/drivers_cc26x0r2.am3g(PINCC26XX.om3g)
 .bss.pinGpioConfigTable
                0x20000318       0x1f C:/ti/simplelink_cc2640r2_sdk_5_30_00_03/source\ti/drivers/lib/drivers_cc26x0r2.am3g(PINCC26XX.om3g)
 *fill*         0x20000337        0x1 
 .bss.pinHwi    0x20000338       0x1c C:/ti/simplelink_cc2640r2_sdk_5_30_00_03/source\ti/drivers/lib/drivers_cc26x0r2.am3g(PINCC26XX.om3g)
 .bss.pinLowerBound
                0x20000354        0x4 C:/ti/simplelink_cc2640r2_sdk_5_30_00_03/source\ti/drivers/lib/drivers_cc26x0r2.am3g(PINCC26XX.om3g)
                0x20000354                pinLowerBound
 .bss.pinSemaphore
                0x20000358       0x1c C:/ti/simplelink_cc2640r2_sdk_5_30_00_03/source\ti/drivers/lib/drivers_cc26x0r2.am3g(PINCC26XX.om3g)
 .bss.pinSwi    0x20000374       0x34 C:/ti/simplelink_cc2640r2_sdk_5_30_00_03/source\ti/drivers/lib/drivers_cc26x0r2.am3g(PINCC26XX.om3g)
 .bss.pinUpperBound
                0x200003a8        0x4 C:/ti/simplelink_cc2640r2_sdk_5_30_00_03/source\ti/drivers/lib/drivers_cc26x0r2.am3g(PINCC26XX.om3g)
                0x200003a8                pinUpperBound
 .bss.SemaphoreP_initialized
                0x200003ac        0x1 C:/ti/simplelink_cc2640r2_sdk_5_30_00_03/kernel/nortos\lib/nortos_cc26x0r2.am3g(SemaphoreP_nortos.om3g)
 .bss.doEnablePolicy
                0x200003ad        0x1 C:/ti/simplelink_cc2640r2_sdk_5_30_00_03/kernel/nortos\lib/nortos_cc26x0r2.am3g(SemaphoreP_nortos.om3g)
 .bss.pendInProgress
                0x200003ae        0x1 C:/ti/simplelink_cc2640r2_sdk_5_30_00_03/kernel/nortos\lib/nortos_cc26x0r2.am3g(SemaphoreP_nortos.om3g)
 *fill*         0x200003af        0x1 
 .bss.SwiP_currentTrigger
                0x200003b0        0x4 C:/ti/simplelink_cc2640r2_sdk_5_30_00_03/kernel/nortos\lib/nortos_cc26x0r2.am3g(SwiP_nortos.om3g)
 .bss.SwiP_hwiStruct
                0x200003b4       0x1c C:/ti/simplelink_cc2640r2_sdk_5_30_00_03/kernel/nortos\lib/nortos_cc26x0r2.am3g(SwiP_nortos.om3g)
 .bss.SwiP_initialized
                0x200003d0        0x1 C:/ti/simplelink_cc2640r2_sdk_5_30_00_03/kernel/nortos\lib/nortos_cc26x0r2.am3g(SwiP_nortos.om3g)
 *fill*         0x200003d1        0x3 
 .bss.SwiP_lockState
                0x200003d4        0x4 C:/ti/simplelink_cc2640r2_sdk_5_30_00_03/kernel/nortos\lib/nortos_cc26x0r2.am3g(SwiP_nortos.om3g)
 .bss.SwiP_readyList
                0x200003d8       0x20 C:/ti/simplelink_cc2640r2_sdk_5_30_00_03/kernel/nortos\lib/nortos_cc26x0r2.am3g(SwiP_nortos.om3g)
 .bss.SwiP_readyMask
                0x200003f8        0x4 C:/ti/simplelink_cc2640r2_sdk_5_30_00_03/kernel/nortos\lib/nortos_cc26x0r2.am3g(SwiP_nortos.om3g)
 .bss.SwiP_schedulerRunning
                0x200003fc        0x1 C:/ti/simplelink_cc2640r2_sdk_5_30_00_03/kernel/nortos\lib/nortos_cc26x0r2.am3g(SwiP_nortos.om3g)
 *fill*         0x200003fd        0x3 
 .bss.ClockP_defaultParams
                0x20000400        0xc C:/ti/simplelink_cc2640r2_sdk_5_30_00_03/kernel/nortos\lib/nortos_cc26x0r2.am3g(ClockPTimer_nortos.om3g)
 .bss.ClockP_initialized
                0x2000040c        0x1 C:/ti/simplelink_cc2640r2_sdk_5_30_00_03/kernel/nortos\lib/nortos_cc26x0r2.am3g(ClockPTimer_nortos.om3g)
 *fill*         0x2000040d        0x3 
 .bss.ClockP_module
                0x20000410       0xa0 C:/ti/simplelink_cc2640r2_sdk_5_30_00_03/kernel/nortos\lib/nortos_cc26x0r2.am3g(ClockPTimer_nortos.om3g)
 .bss.timerFreq
                0x200004b0        0x8 C:/ti/simplelink_cc2640r2_sdk_5_30_00_03/kernel/nortos\lib/nortos_cc26x0r2.am3g(ClockPTimer_nortos.om3g)
 .bss.usecsPerTimerTick
                0x200004b8        0x4 C:/ti/simplelink_cc2640r2_sdk_5_30_00_03/kernel/nortos\lib/nortos_cc26x0r2.am3g(ClockPTimer_nortos.om3g)
 .bss.TimerP_handle
                0x200004bc        0x4 C:/ti/simplelink_cc2640r2_sdk_5_30_00_03/kernel/nortos\lib/nortos_cc26x0r2.am3g(TimerPCC26XX_nortos.om3g)
 .bss.TimerP_hwiStruct
                0x200004c0       0x1c C:/ti/simplelink_cc2640r2_sdk_5_30_00_03/kernel/nortos\lib/nortos_cc26x0r2.am3g(TimerPCC26XX_nortos.om3g)
 .bss.TimerP_initialized
                0x200004dc        0x1 C:/ti/simplelink_cc2640r2_sdk_5_30_00_03/kernel/nortos\lib/nortos_cc26x0r2.am3g(TimerPCC26XX_nortos.om3g)
 *fill*         0x200004dd        0x3 
 .bss.HwiP_dispatchTable
                0x200004e0       0xc8 C:/ti/simplelink_cc2640r2_sdk_5_30_00_03/kernel/nortos\lib/nortos_cc26x0r2.am3g(HwiPCC26XX_nortos.om3g)
 .bss.PowerCC26XX_swiKey
                0x200005a8        0x4 C:/ti/simplelink_cc2640r2_sdk_5_30_00_03/kernel/nortos\lib/nortos_cc26x0r2.am3g(PowerCC26XX_nortos.om3g)
 .bss.oscHfGlobals
                0x200005ac       0x14 C:/ti/simplelink_cc2640r2_sdk_5_30_00_03/source\ti/devices/cc26x0r2/driverlib/bin/gcc/driverlib.lib(osc.o)
 .bss.powerQualGlobals
                0x200005c0        0x8 C:/ti/simplelink_cc2640r2_sdk_5_30_00_03/source\ti/devices/cc26x0r2/driverlib/bin/gcc/driverlib.lib(sys_ctrl.o)
 .bss.__malloc_free_list
                0x200005c8        0x4 C:/ti/gcc-arm-none-eabi_7_2_1/arm-none-eabi/lib/thumb/v7-m\libc_nano.a(lib_a-nano-mallocr.o)
                0x200005c8                __malloc_free_list
 .bss.__malloc_sbrk_start
                0x200005cc        0x4 C:/ti/gcc-arm-none-eabi_7_2_1/arm-none-eabi/lib/thumb/v7-m\libc_nano.a(lib_a-nano-mallocr.o)
                0x200005cc                __malloc_sbrk_start
 .bss.heap_end.4102
                0x200005d0        0x4 C:/ti/gcc-arm-none-eabi_7_2_1/arm-none-eabi/lib/thumb/v7-m\libnosys.a(sbrk.o)
 *(COMMON)
 COMMON         0x200005d4       0x7c C:/ti/simplelink_cc2640r2_sdk_5_30_00_03/source\ti/drivers/lib/drivers_cc26x0r2.am3g(PINCC26XX.om3g)
                0x200005d4                pinHandleTable
 COMMON         0x20000650        0x1 C:/ti/simplelink_cc2640r2_sdk_5_30_00_03/source\ti/devices/cc26x0r2/driverlib/bin/gcc/driverlib.lib(driverlib_release.o)
                0x20000650                driverlib_release_0_60062
 *fill*         0x20000651        0x3 
 COMMON         0x20000654        0x4 C:/ti/gcc-arm-none-eabi_7_2_1/arm-none-eabi/lib/thumb/v7-m\libc_nano.a(lib_a-reent.o)
                0x20000654                errno
                0x20000658                . = ALIGN (0x4)
                0x20000658                __bss_end__ = .

.heap           0x20000658      0x100
                0x20000658                __heap_start__ = .
                0x20000658                end = __heap_start__
                0x20000658                _end = end
                0x20000658                __end = end
                0x20000758                . = (. + HEAPSIZE)
 *fill*         0x20000658      0x100 
 *(.heap)
                0x20000758                __heap_end__ = .
                0x20000758                __HeapLimit = __heap_end__

.stack          0x20000758      0x400
                0x20000758                _stack = .
                0x20000758                __stack = .
 *(.stack)
                0x20000b58                . = (. + STACKSIZE)
 *fill*         0x20000758      0x400 
                0x20000b58                _stack_end = .
                0x20000b58                __stack_end = .
LOAD C:/ti/simplelink_cc2640r2_sdk_5_30_00_03/source\ti/display/lib/display.am3g
LOAD C:/ti/simplelink_cc2640r2_sdk_5_30_00_03/source\ti/grlib/lib/gcc/m3/grlib.a
LOAD C:/ti/simplelink_cc2640r2_sdk_5_30_00_03/source\third_party/spiffs/lib/gcc/m3/spiffs_cc26xx.a
LOAD C:/ti/simplelink_cc2640r2_sdk_5_30_00_03/source\ti/drivers/rf/lib/rf_multiMode_cc26x0r2.am3g
LOAD C:/ti/simplelink_cc2640r2_sdk_5_30_00_03/source\ti/drivers/lib/drivers_cc26x0r2.am3g
LOAD C:/ti/simplelink_cc2640r2_sdk_5_30_00_03/kernel/nortos\lib/nortos_cc26x0r2.am3g
LOAD C:/ti/simplelink_cc2640r2_sdk_5_30_00_03/source\ti/devices/cc26x0r2/driverlib/bin/gcc/driverlib.lib
LOAD c:/ti/gcc-arm-none-eabi_7_2_1/bin/../lib/gcc/arm-none-eabi/7.2.1/thumb/v7-m\libgcc.a
LOAD C:/ti/gcc-arm-none-eabi_7_2_1/arm-none-eabi/lib/thumb/v7-m\libc_nano.a
LOAD C:/ti/gcc-arm-none-eabi_7_2_1/arm-none-eabi/lib/thumb/v7-m\libm.a
LOAD C:/ti/gcc-arm-none-eabi_7_2_1/arm-none-eabi/lib/thumb/v7-m\libnosys.a
START GROUP
LOAD c:/ti/gcc-arm-none-eabi_7_2_1/bin/../lib/gcc/arm-none-eabi/7.2.1/thumb/v7-m\libgcc.a
LOAD C:/ti/gcc-arm-none-eabi_7_2_1/arm-none-eabi/lib/thumb/v7-m\libg_nano.a
LOAD C:/ti/gcc-arm-none-eabi_7_2_1/arm-none-eabi/lib/thumb/v7-m\libc_nano.a
END GROUP
START GROUP
LOAD c:/ti/gcc-arm-none-eabi_7_2_1/bin/../lib/gcc/arm-none-eabi/7.2.1/thumb/v7-m\libgcc.a
LOAD C:/ti/gcc-arm-none-eabi_7_2_1/arm-none-eabi/lib/thumb/v7-m\libc_nano.a
END GROUP
OUTPUT(gpiointerrupt_CC2640R2_LAUNCHXL_nortos_gcc.out elf32-littlearm)

.debug_info     0x00000000    0x17c64
 .debug_info    0x00000000     0x7eb0 ./CC2640R2_LAUNCHXL.o
 .debug_info    0x00007eb0      0x257 ./CC2640R2_LAUNCHXL_fxns.o
 .debug_info    0x00008107      0x1b6 ./ccfg.o
 .debug_info    0x000082bd      0x19a ./gpiointerrupt.o
 .debug_info    0x00008457       0x83 ./main_nortos.o
 .debug_info    0x000084da      0xcd7 C:/ti/simplelink_cc2640r2_sdk_5_30_00_03/source\ti/drivers/lib/drivers_cc26x0r2.am3g(GPIOCC26XX.om3g)
 .debug_info    0x000091b1     0x1398 C:/ti/simplelink_cc2640r2_sdk_5_30_00_03/source\ti/drivers/lib/drivers_cc26x0r2.am3g(PINCC26XX.om3g)
 .debug_info    0x0000a549     0x2690 C:/ti/simplelink_cc2640r2_sdk_5_30_00_03/source\ti/drivers/lib/drivers_cc26x0r2.am3g(PowerCC26XX.om3g)
 .debug_info    0x0000cbd9      0xbce C:/ti/simplelink_cc2640r2_sdk_5_30_00_03/source\ti/drivers/lib/drivers_cc26x0r2.am3g(PowerCC26XX_calibrateRCOSC.om3g)
 .debug_info    0x0000d7a7      0x1e0 C:/ti/simplelink_cc2640r2_sdk_5_30_00_03/kernel/nortos\lib/nortos_cc26x0r2.am3g(NoRTOS.om3g)
 .debug_info    0x0000d987     0x113f C:/ti/simplelink_cc2640r2_sdk_5_30_00_03/kernel/nortos\lib/nortos_cc26x0r2.am3g(SemaphoreP_nortos.om3g)
 .debug_info    0x0000eac6     0x1558 C:/ti/simplelink_cc2640r2_sdk_5_30_00_03/kernel/nortos\lib/nortos_cc26x0r2.am3g(SwiP_nortos.om3g)
 .debug_info    0x0001001e     0x1ba5 C:/ti/simplelink_cc2640r2_sdk_5_30_00_03/kernel/nortos\lib/nortos_cc26x0r2.am3g(ClockPTimer_nortos.om3g)
 .debug_info    0x00011bc3     0x145b C:/ti/simplelink_cc2640r2_sdk_5_30_00_03/kernel/nortos\lib/nortos_cc26x0r2.am3g(TimerPCC26XX_nortos.om3g)
 .debug_info    0x0001301e     0x1553 C:/ti/simplelink_cc2640r2_sdk_5_30_00_03/kernel/nortos\lib/nortos_cc26x0r2.am3g(HwiPCC26XX_nortos.om3g)
 .debug_info    0x00014571      0xfa0 C:/ti/simplelink_cc2640r2_sdk_5_30_00_03/kernel/nortos\lib/nortos_cc26x0r2.am3g(PowerCC26XX_nortos.om3g)
 .debug_info    0x00015511      0xb13 C:/ti/simplelink_cc2640r2_sdk_5_30_00_03/kernel/nortos\lib/nortos_cc26x0r2.am3g(startup_cc13xx_cc26xx_gcc.om3g)
 .debug_info    0x00016024      0x3fe C:/ti/simplelink_cc2640r2_sdk_5_30_00_03/kernel/nortos\lib/nortos_cc26x0r2.am3g(QueueP_nortos.om3g)
 .debug_info    0x00016422      0x178 C:/ti/simplelink_cc2640r2_sdk_5_30_00_03/source\ti/devices/cc26x0r2/driverlib/bin/gcc/driverlib.lib(adi.o)
 .debug_info    0x0001659a      0x3d6 C:/ti/simplelink_cc2640r2_sdk_5_30_00_03/source\ti/devices/cc26x0r2/driverlib/bin/gcc/driverlib.lib(chipinfo.o)
 .debug_info    0x00016970      0x141 C:/ti/simplelink_cc2640r2_sdk_5_30_00_03/source\ti/devices/cc26x0r2/driverlib/bin/gcc/driverlib.lib(cpu.o)
 .debug_info    0x00016ab1       0x9c C:/ti/simplelink_cc2640r2_sdk_5_30_00_03/source\ti/devices/cc26x0r2/driverlib/bin/gcc/driverlib.lib(driverlib_release.o)
 .debug_info    0x00016b4d      0x34c C:/ti/simplelink_cc2640r2_sdk_5_30_00_03/source\ti/devices/cc26x0r2/driverlib/bin/gcc/driverlib.lib(interrupt.o)
 .debug_info    0x00016e99      0x823 C:/ti/simplelink_cc2640r2_sdk_5_30_00_03/source\ti/devices/cc26x0r2/driverlib/bin/gcc/driverlib.lib(osc.o)
 .debug_info    0x000176bc      0x198 C:/ti/simplelink_cc2640r2_sdk_5_30_00_03/source\ti/devices/cc26x0r2/driverlib/bin/gcc/driverlib.lib(setup.o)
 .debug_info    0x00017854      0x410 C:/ti/simplelink_cc2640r2_sdk_5_30_00_03/source\ti/devices/cc26x0r2/driverlib/bin/gcc/driverlib.lib(sys_ctrl.o)

.debug_abbrev   0x00000000     0x3c70
 .debug_abbrev  0x00000000      0x29b ./CC2640R2_LAUNCHXL.o
 .debug_abbrev  0x0000029b      0x10a ./CC2640R2_LAUNCHXL_fxns.o
 .debug_abbrev  0x000003a5       0x74 ./ccfg.o
 .debug_abbrev  0x00000419       0xdf ./gpiointerrupt.o
 .debug_abbrev  0x000004f8       0x41 ./main_nortos.o
 .debug_abbrev  0x00000539      0x33f C:/ti/simplelink_cc2640r2_sdk_5_30_00_03/source\ti/drivers/lib/drivers_cc26x0r2.am3g(GPIOCC26XX.om3g)
 .debug_abbrev  0x00000878      0x43f C:/ti/simplelink_cc2640r2_sdk_5_30_00_03/source\ti/drivers/lib/drivers_cc26x0r2.am3g(PINCC26XX.om3g)
 .debug_abbrev  0x00000cb7      0x5fe C:/ti/simplelink_cc2640r2_sdk_5_30_00_03/source\ti/drivers/lib/drivers_cc26x0r2.am3g(PowerCC26XX.om3g)
 .debug_abbrev  0x000012b5      0x2eb C:/ti/simplelink_cc2640r2_sdk_5_30_00_03/source\ti/drivers/lib/drivers_cc26x0r2.am3g(PowerCC26XX_calibrateRCOSC.om3g)
 .debug_abbrev  0x000015a0      0x10c C:/ti/simplelink_cc2640r2_sdk_5_30_00_03/kernel/nortos\lib/nortos_cc26x0r2.am3g(NoRTOS.om3g)
 .debug_abbrev  0x000016ac      0x3b4 C:/ti/simplelink_cc2640r2_sdk_5_30_00_03/kernel/nortos\lib/nortos_cc26x0r2.am3g(SemaphoreP_nortos.om3g)
 .debug_abbrev  0x00001a60      0x438 C:/ti/simplelink_cc2640r2_sdk_5_30_00_03/kernel/nortos\lib/nortos_cc26x0r2.am3g(SwiP_nortos.om3g)
 .debug_abbrev  0x00001e98      0x463 C:/ti/simplelink_cc2640r2_sdk_5_30_00_03/kernel/nortos\lib/nortos_cc26x0r2.am3g(ClockPTimer_nortos.om3g)
 .debug_abbrev  0x000022fb      0x4e8 C:/ti/simplelink_cc2640r2_sdk_5_30_00_03/kernel/nortos\lib/nortos_cc26x0r2.am3g(TimerPCC26XX_nortos.om3g)
 .debug_abbrev  0x000027e3      0x434 C:/ti/simplelink_cc2640r2_sdk_5_30_00_03/kernel/nortos\lib/nortos_cc26x0r2.am3g(HwiPCC26XX_nortos.om3g)
 .debug_abbrev  0x00002c17      0x2a5 C:/ti/simplelink_cc2640r2_sdk_5_30_00_03/kernel/nortos\lib/nortos_cc26x0r2.am3g(PowerCC26XX_nortos.om3g)
 .debug_abbrev  0x00002ebc      0x289 C:/ti/simplelink_cc2640r2_sdk_5_30_00_03/kernel/nortos\lib/nortos_cc26x0r2.am3g(startup_cc13xx_cc26xx_gcc.om3g)
 .debug_abbrev  0x00003145      0x15b C:/ti/simplelink_cc2640r2_sdk_5_30_00_03/kernel/nortos\lib/nortos_cc26x0r2.am3g(QueueP_nortos.om3g)
 .debug_abbrev  0x000032a0       0xea C:/ti/simplelink_cc2640r2_sdk_5_30_00_03/source\ti/devices/cc26x0r2/driverlib/bin/gcc/driverlib.lib(adi.o)
 .debug_abbrev  0x0000338a      0x17f C:/ti/simplelink_cc2640r2_sdk_5_30_00_03/source\ti/devices/cc26x0r2/driverlib/bin/gcc/driverlib.lib(chipinfo.o)
 .debug_abbrev  0x00003509       0xd0 C:/ti/simplelink_cc2640r2_sdk_5_30_00_03/source\ti/devices/cc26x0r2/driverlib/bin/gcc/driverlib.lib(cpu.o)
 .debug_abbrev  0x000035d9       0x5f C:/ti/simplelink_cc2640r2_sdk_5_30_00_03/source\ti/devices/cc26x0r2/driverlib/bin/gcc/driverlib.lib(driverlib_release.o)
 .debug_abbrev  0x00003638      0x14e C:/ti/simplelink_cc2640r2_sdk_5_30_00_03/source\ti/devices/cc26x0r2/driverlib/bin/gcc/driverlib.lib(interrupt.o)
 .debug_abbrev  0x00003786      0x232 C:/ti/simplelink_cc2640r2_sdk_5_30_00_03/source\ti/devices/cc26x0r2/driverlib/bin/gcc/driverlib.lib(osc.o)
 .debug_abbrev  0x000039b8      0x115 C:/ti/simplelink_cc2640r2_sdk_5_30_00_03/source\ti/devices/cc26x0r2/driverlib/bin/gcc/driverlib.lib(setup.o)
 .debug_abbrev  0x00003acd      0x1a3 C:/ti/simplelink_cc2640r2_sdk_5_30_00_03/source\ti/devices/cc26x0r2/driverlib/bin/gcc/driverlib.lib(sys_ctrl.o)

.debug_aranges  0x00000000      0xa20
 .debug_aranges
                0x00000000       0x28 ./CC2640R2_LAUNCHXL.o
 .debug_aranges
                0x00000028       0x38 ./CC2640R2_LAUNCHXL_fxns.o
 .debug_aranges
                0x00000060       0x18 ./ccfg.o
 .debug_aranges
                0x00000078       0x30 ./gpiointerrupt.o
 .debug_aranges
                0x000000a8       0x20 ./main_nortos.o
 .debug_aranges
                0x000000c8       0x78 C:/ti/simplelink_cc2640r2_sdk_5_30_00_03/source\ti/drivers/lib/drivers_cc26x0r2.am3g(GPIOCC26XX.om3g)
 .debug_aranges
                0x00000140       0xf0 C:/ti/simplelink_cc2640r2_sdk_5_30_00_03/source\ti/drivers/lib/drivers_cc26x0r2.am3g(PINCC26XX.om3g)
 .debug_aranges
                0x00000230      0x120 C:/ti/simplelink_cc2640r2_sdk_5_30_00_03/source\ti/drivers/lib/drivers_cc26x0r2.am3g(PowerCC26XX.om3g)
 .debug_aranges
                0x00000350       0x38 C:/ti/simplelink_cc2640r2_sdk_5_30_00_03/source\ti/drivers/lib/drivers_cc26x0r2.am3g(PowerCC26XX_calibrateRCOSC.om3g)
 .debug_aranges
                0x00000388       0x30 C:/ti/simplelink_cc2640r2_sdk_5_30_00_03/kernel/nortos\lib/nortos_cc26x0r2.am3g(NoRTOS.om3g)
 .debug_aranges
                0x000003b8       0x78 C:/ti/simplelink_cc2640r2_sdk_5_30_00_03/kernel/nortos\lib/nortos_cc26x0r2.am3g(SemaphoreP_nortos.om3g)
 .debug_aranges
                0x00000430       0xb0 C:/ti/simplelink_cc2640r2_sdk_5_30_00_03/kernel/nortos\lib/nortos_cc26x0r2.am3g(SwiP_nortos.om3g)
 .debug_aranges
                0x000004e0       0xe8 C:/ti/simplelink_cc2640r2_sdk_5_30_00_03/kernel/nortos\lib/nortos_cc26x0r2.am3g(ClockPTimer_nortos.om3g)
 .debug_aranges
                0x000005c8       0x98 C:/ti/simplelink_cc2640r2_sdk_5_30_00_03/kernel/nortos\lib/nortos_cc26x0r2.am3g(TimerPCC26XX_nortos.om3g)
 .debug_aranges
                0x00000660       0xb0 C:/ti/simplelink_cc2640r2_sdk_5_30_00_03/kernel/nortos\lib/nortos_cc26x0r2.am3g(HwiPCC26XX_nortos.om3g)
 .debug_aranges
                0x00000710       0x30 C:/ti/simplelink_cc2640r2_sdk_5_30_00_03/kernel/nortos\lib/nortos_cc26x0r2.am3g(PowerCC26XX_nortos.om3g)
 .debug_aranges
                0x00000740       0x50 C:/ti/simplelink_cc2640r2_sdk_5_30_00_03/kernel/nortos\lib/nortos_cc26x0r2.am3g(startup_cc13xx_cc26xx_gcc.om3g)
 .debug_aranges
                0x00000790       0x80 C:/ti/simplelink_cc2640r2_sdk_5_30_00_03/kernel/nortos\lib/nortos_cc26x0r2.am3g(QueueP_nortos.om3g)
 .debug_aranges
                0x00000810       0x28 C:/ti/simplelink_cc2640r2_sdk_5_30_00_03/source\ti/devices/cc26x0r2/driverlib/bin/gcc/driverlib.lib(adi.o)
 .debug_aranges
                0x00000838       0x48 C:/ti/simplelink_cc2640r2_sdk_5_30_00_03/source\ti/devices/cc26x0r2/driverlib/bin/gcc/driverlib.lib(chipinfo.o)
 .debug_aranges
                0x00000880       0x40 C:/ti/simplelink_cc2640r2_sdk_5_30_00_03/source\ti/devices/cc26x0r2/driverlib/bin/gcc/driverlib.lib(cpu.o)
 .debug_aranges
                0x000008c0       0x18 C:/ti/simplelink_cc2640r2_sdk_5_30_00_03/source\ti/devices/cc26x0r2/driverlib/bin/gcc/driverlib.lib(driverlib_release.o)
 .debug_aranges
                0x000008d8       0x78 C:/ti/simplelink_cc2640r2_sdk_5_30_00_03/source\ti/devices/cc26x0r2/driverlib/bin/gcc/driverlib.lib(interrupt.o)
 .debug_aranges
                0x00000950       0x70 C:/ti/simplelink_cc2640r2_sdk_5_30_00_03/source\ti/devices/cc26x0r2/driverlib/bin/gcc/driverlib.lib(osc.o)
 .debug_aranges
                0x000009c0       0x28 C:/ti/simplelink_cc2640r2_sdk_5_30_00_03/source\ti/devices/cc26x0r2/driverlib/bin/gcc/driverlib.lib(setup.o)
 .debug_aranges
                0x000009e8       0x38 C:/ti/simplelink_cc2640r2_sdk_5_30_00_03/source\ti/devices/cc26x0r2/driverlib/bin/gcc/driverlib.lib(sys_ctrl.o)

.debug_ranges   0x00000000     0x1170
 .debug_ranges  0x00000000       0x18 ./CC2640R2_LAUNCHXL.o
 .debug_ranges  0x00000018       0x28 ./CC2640R2_LAUNCHXL_fxns.o
 .debug_ranges  0x00000040       0x20 ./gpiointerrupt.o
 .debug_ranges  0x00000060       0x10 ./main_nortos.o
 .debug_ranges  0x00000070       0xf8 C:/ti/simplelink_cc2640r2_sdk_5_30_00_03/source\ti/drivers/lib/drivers_cc26x0r2.am3g(GPIOCC26XX.om3g)
 .debug_ranges  0x00000168      0x208 C:/ti/simplelink_cc2640r2_sdk_5_30_00_03/source\ti/drivers/lib/drivers_cc26x0r2.am3g(PINCC26XX.om3g)
 .debug_ranges  0x00000370      0x400 C:/ti/simplelink_cc2640r2_sdk_5_30_00_03/source\ti/drivers/lib/drivers_cc26x0r2.am3g(PowerCC26XX.om3g)
 .debug_ranges  0x00000770       0xa8 C:/ti/simplelink_cc2640r2_sdk_5_30_00_03/source\ti/drivers/lib/drivers_cc26x0r2.am3g(PowerCC26XX_calibrateRCOSC.om3g)
 .debug_ranges  0x00000818       0x20 C:/ti/simplelink_cc2640r2_sdk_5_30_00_03/kernel/nortos\lib/nortos_cc26x0r2.am3g(NoRTOS.om3g)
 .debug_ranges  0x00000838      0x110 C:/ti/simplelink_cc2640r2_sdk_5_30_00_03/kernel/nortos\lib/nortos_cc26x0r2.am3g(SemaphoreP_nortos.om3g)
 .debug_ranges  0x00000948       0xc0 C:/ti/simplelink_cc2640r2_sdk_5_30_00_03/kernel/nortos\lib/nortos_cc26x0r2.am3g(SwiP_nortos.om3g)
 .debug_ranges  0x00000a08      0x188 C:/ti/simplelink_cc2640r2_sdk_5_30_00_03/kernel/nortos\lib/nortos_cc26x0r2.am3g(ClockPTimer_nortos.om3g)
 .debug_ranges  0x00000b90      0x248 C:/ti/simplelink_cc2640r2_sdk_5_30_00_03/kernel/nortos\lib/nortos_cc26x0r2.am3g(TimerPCC26XX_nortos.om3g)
 .debug_ranges  0x00000dd8       0xb8 C:/ti/simplelink_cc2640r2_sdk_5_30_00_03/kernel/nortos\lib/nortos_cc26x0r2.am3g(HwiPCC26XX_nortos.om3g)
 .debug_ranges  0x00000e90       0x90 C:/ti/simplelink_cc2640r2_sdk_5_30_00_03/kernel/nortos\lib/nortos_cc26x0r2.am3g(PowerCC26XX_nortos.om3g)
 .debug_ranges  0x00000f20       0x40 C:/ti/simplelink_cc2640r2_sdk_5_30_00_03/kernel/nortos\lib/nortos_cc26x0r2.am3g(startup_cc13xx_cc26xx_gcc.om3g)
 .debug_ranges  0x00000f60       0x70 C:/ti/simplelink_cc2640r2_sdk_5_30_00_03/kernel/nortos\lib/nortos_cc26x0r2.am3g(QueueP_nortos.om3g)
 .debug_ranges  0x00000fd0       0x18 C:/ti/simplelink_cc2640r2_sdk_5_30_00_03/source\ti/devices/cc26x0r2/driverlib/bin/gcc/driverlib.lib(adi.o)
 .debug_ranges  0x00000fe8       0x50 C:/ti/simplelink_cc2640r2_sdk_5_30_00_03/source\ti/devices/cc26x0r2/driverlib/bin/gcc/driverlib.lib(chipinfo.o)
 .debug_ranges  0x00001038       0x30 C:/ti/simplelink_cc2640r2_sdk_5_30_00_03/source\ti/devices/cc26x0r2/driverlib/bin/gcc/driverlib.lib(cpu.o)
 .debug_ranges  0x00001068       0x68 C:/ti/simplelink_cc2640r2_sdk_5_30_00_03/source\ti/devices/cc26x0r2/driverlib/bin/gcc/driverlib.lib(interrupt.o)
 .debug_ranges  0x000010d0       0x60 C:/ti/simplelink_cc2640r2_sdk_5_30_00_03/source\ti/devices/cc26x0r2/driverlib/bin/gcc/driverlib.lib(osc.o)
 .debug_ranges  0x00001130       0x18 C:/ti/simplelink_cc2640r2_sdk_5_30_00_03/source\ti/devices/cc26x0r2/driverlib/bin/gcc/driverlib.lib(setup.o)
 .debug_ranges  0x00001148       0x28 C:/ti/simplelink_cc2640r2_sdk_5_30_00_03/source\ti/devices/cc26x0r2/driverlib/bin/gcc/driverlib.lib(sys_ctrl.o)

.debug_line     0x00000000     0x745e
 .debug_line    0x00000000      0xcf8 ./CC2640R2_LAUNCHXL.o
 .debug_line    0x00000cf8      0x1c2 ./CC2640R2_LAUNCHXL_fxns.o
 .debug_line    0x00000eba      0x171 ./ccfg.o
 .debug_line    0x0000102b      0x1a4 ./gpiointerrupt.o
 .debug_line    0x000011cf       0x44 ./main_nortos.o
 .debug_line    0x00001213      0x6b1 C:/ti/simplelink_cc2640r2_sdk_5_30_00_03/source\ti/drivers/lib/drivers_cc26x0r2.am3g(GPIOCC26XX.om3g)
 .debug_line    0x000018c4      0x960 C:/ti/simplelink_cc2640r2_sdk_5_30_00_03/source\ti/drivers/lib/drivers_cc26x0r2.am3g(PINCC26XX.om3g)
 .debug_line    0x00002224      0xdf2 C:/ti/simplelink_cc2640r2_sdk_5_30_00_03/source\ti/drivers/lib/drivers_cc26x0r2.am3g(PowerCC26XX.om3g)
 .debug_line    0x00003016      0x6a0 C:/ti/simplelink_cc2640r2_sdk_5_30_00_03/source\ti/drivers/lib/drivers_cc26x0r2.am3g(PowerCC26XX_calibrateRCOSC.om3g)
 .debug_line    0x000036b6      0x287 C:/ti/simplelink_cc2640r2_sdk_5_30_00_03/kernel/nortos\lib/nortos_cc26x0r2.am3g(NoRTOS.om3g)
 .debug_line    0x0000393d      0x595 C:/ti/simplelink_cc2640r2_sdk_5_30_00_03/kernel/nortos\lib/nortos_cc26x0r2.am3g(SemaphoreP_nortos.om3g)
 .debug_line    0x00003ed2      0x5bd C:/ti/simplelink_cc2640r2_sdk_5_30_00_03/kernel/nortos\lib/nortos_cc26x0r2.am3g(SwiP_nortos.om3g)
 .debug_line    0x0000448f      0x6f3 C:/ti/simplelink_cc2640r2_sdk_5_30_00_03/kernel/nortos\lib/nortos_cc26x0r2.am3g(ClockPTimer_nortos.om3g)
 .debug_line    0x00004b82      0x6a8 C:/ti/simplelink_cc2640r2_sdk_5_30_00_03/kernel/nortos\lib/nortos_cc26x0r2.am3g(TimerPCC26XX_nortos.om3g)
 .debug_line    0x0000522a      0x5b4 C:/ti/simplelink_cc2640r2_sdk_5_30_00_03/kernel/nortos\lib/nortos_cc26x0r2.am3g(HwiPCC26XX_nortos.om3g)
 .debug_line    0x000057de      0x64a C:/ti/simplelink_cc2640r2_sdk_5_30_00_03/kernel/nortos\lib/nortos_cc26x0r2.am3g(PowerCC26XX_nortos.om3g)
 .debug_line    0x00005e28      0x389 C:/ti/simplelink_cc2640r2_sdk_5_30_00_03/kernel/nortos\lib/nortos_cc26x0r2.am3g(startup_cc13xx_cc26xx_gcc.om3g)
 .debug_line    0x000061b1      0x338 C:/ti/simplelink_cc2640r2_sdk_5_30_00_03/kernel/nortos\lib/nortos_cc26x0r2.am3g(QueueP_nortos.om3g)
 .debug_line    0x000064e9      0x18c C:/ti/simplelink_cc2640r2_sdk_5_30_00_03/source\ti/devices/cc26x0r2/driverlib/bin/gcc/driverlib.lib(adi.o)
 .debug_line    0x00006675      0x1ed C:/ti/simplelink_cc2640r2_sdk_5_30_00_03/source\ti/devices/cc26x0r2/driverlib/bin/gcc/driverlib.lib(chipinfo.o)
 .debug_line    0x00006862      0x17b C:/ti/simplelink_cc2640r2_sdk_5_30_00_03/source\ti/devices/cc26x0r2/driverlib/bin/gcc/driverlib.lib(cpu.o)
 .debug_line    0x000069dd      0x161 C:/ti/simplelink_cc2640r2_sdk_5_30_00_03/source\ti/devices/cc26x0r2/driverlib/bin/gcc/driverlib.lib(driverlib_release.o)
 .debug_line    0x00006b3e      0x254 C:/ti/simplelink_cc2640r2_sdk_5_30_00_03/source\ti/devices/cc26x0r2/driverlib/bin/gcc/driverlib.lib(interrupt.o)
 .debug_line    0x00006d92      0x2d0 C:/ti/simplelink_cc2640r2_sdk_5_30_00_03/source\ti/devices/cc26x0r2/driverlib/bin/gcc/driverlib.lib(osc.o)
 .debug_line    0x00007062      0x1b1 C:/ti/simplelink_cc2640r2_sdk_5_30_00_03/source\ti/devices/cc26x0r2/driverlib/bin/gcc/driverlib.lib(setup.o)
 .debug_line    0x00007213      0x24b C:/ti/simplelink_cc2640r2_sdk_5_30_00_03/source\ti/devices/cc26x0r2/driverlib/bin/gcc/driverlib.lib(sys_ctrl.o)

.debug_str      0x00000000     0x9b4b
 .debug_str     0x00000000     0x6397 ./CC2640R2_LAUNCHXL.o
                               0x65c6 (size before relaxing)
 .debug_str     0x00006397       0xdc ./CC2640R2_LAUNCHXL_fxns.o
                                0x333 (size before relaxing)
 .debug_str     0x00006473      0x1a9 ./ccfg.o
                                0x359 (size before relaxing)
 .debug_str     0x0000661c       0x47 ./gpiointerrupt.o
                                0x3e4 (size before relaxing)
 .debug_str     0x00006663       0x16 ./main_nortos.o
                                0x1b2 (size before relaxing)
 .debug_str     0x00006679      0x483 C:/ti/simplelink_cc2640r2_sdk_5_30_00_03/source\ti/drivers/lib/drivers_cc26x0r2.am3g(GPIOCC26XX.om3g)
                                0x780 (size before relaxing)
 .debug_str     0x00006afc      0x663 C:/ti/simplelink_cc2640r2_sdk_5_30_00_03/source\ti/drivers/lib/drivers_cc26x0r2.am3g(PINCC26XX.om3g)
                                0xaf3 (size before relaxing)
 .debug_str     0x0000715f      0xbc9 C:/ti/simplelink_cc2640r2_sdk_5_30_00_03/source\ti/drivers/lib/drivers_cc26x0r2.am3g(PowerCC26XX.om3g)
                               0x147c (size before relaxing)
 .debug_str     0x00007d28      0x1b7 C:/ti/simplelink_cc2640r2_sdk_5_30_00_03/source\ti/drivers/lib/drivers_cc26x0r2.am3g(PowerCC26XX_calibrateRCOSC.om3g)
                                0x78a (size before relaxing)
 .debug_str     0x00007edf       0xde C:/ti/simplelink_cc2640r2_sdk_5_30_00_03/kernel/nortos\lib/nortos_cc26x0r2.am3g(NoRTOS.om3g)
                                0x307 (size before relaxing)
 .debug_str     0x00007fbd      0x19e C:/ti/simplelink_cc2640r2_sdk_5_30_00_03/kernel/nortos\lib/nortos_cc26x0r2.am3g(SemaphoreP_nortos.om3g)
                                0x9b2 (size before relaxing)
 .debug_str     0x0000815b      0x299 C:/ti/simplelink_cc2640r2_sdk_5_30_00_03/kernel/nortos\lib/nortos_cc26x0r2.am3g(SwiP_nortos.om3g)
                                0xa52 (size before relaxing)
 .debug_str     0x000083f4      0x47d C:/ti/simplelink_cc2640r2_sdk_5_30_00_03/kernel/nortos\lib/nortos_cc26x0r2.am3g(ClockPTimer_nortos.om3g)
                                0xe3d (size before relaxing)
 .debug_str     0x00008871      0x21d C:/ti/simplelink_cc2640r2_sdk_5_30_00_03/kernel/nortos\lib/nortos_cc26x0r2.am3g(TimerPCC26XX_nortos.om3g)
                                0xa8b (size before relaxing)
 .debug_str     0x00008a8e      0x33b C:/ti/simplelink_cc2640r2_sdk_5_30_00_03/kernel/nortos\lib/nortos_cc26x0r2.am3g(HwiPCC26XX_nortos.om3g)
                                0xad6 (size before relaxing)
 .debug_str     0x00008dc9       0xa3 C:/ti/simplelink_cc2640r2_sdk_5_30_00_03/kernel/nortos\lib/nortos_cc26x0r2.am3g(PowerCC26XX_nortos.om3g)
                                0xb34 (size before relaxing)
 .debug_str     0x00008e6c      0x122 C:/ti/simplelink_cc2640r2_sdk_5_30_00_03/kernel/nortos\lib/nortos_cc26x0r2.am3g(startup_cc13xx_cc26xx_gcc.om3g)
                                0x77d (size before relaxing)
 .debug_str     0x00008f8e       0x73 C:/ti/simplelink_cc2640r2_sdk_5_30_00_03/kernel/nortos\lib/nortos_cc26x0r2.am3g(QueueP_nortos.om3g)
                                0x30a (size before relaxing)
 .debug_str     0x00009001      0x173 C:/ti/simplelink_cc2640r2_sdk_5_30_00_03/source\ti/devices/cc26x0r2/driverlib/bin/gcc/driverlib.lib(adi.o)
                                0x24b (size before relaxing)
 .debug_str     0x00009174      0x2b9 C:/ti/simplelink_cc2640r2_sdk_5_30_00_03/source\ti/devices/cc26x0r2/driverlib/bin/gcc/driverlib.lib(chipinfo.o)
                                0x61c (size before relaxing)
 .debug_str     0x0000942d       0x61 C:/ti/simplelink_cc2640r2_sdk_5_30_00_03/source\ti/devices/cc26x0r2/driverlib/bin/gcc/driverlib.lib(cpu.o)
                                0x22d (size before relaxing)
 .debug_str     0x0000948e       0x29 C:/ti/simplelink_cc2640r2_sdk_5_30_00_03/source\ti/devices/cc26x0r2/driverlib/bin/gcc/driverlib.lib(driverlib_release.o)
                                0x1ef (size before relaxing)
 .debug_str     0x000094b7      0x154 C:/ti/simplelink_cc2640r2_sdk_5_30_00_03/source\ti/devices/cc26x0r2/driverlib/bin/gcc/driverlib.lib(interrupt.o)
                                0x378 (size before relaxing)
 .debug_str     0x0000960b      0x292 C:/ti/simplelink_cc2640r2_sdk_5_30_00_03/source\ti/devices/cc26x0r2/driverlib/bin/gcc/driverlib.lib(osc.o)
                                0x817 (size before relaxing)
 .debug_str     0x0000989d       0xd6 C:/ti/simplelink_cc2640r2_sdk_5_30_00_03/source\ti/devices/cc26x0r2/driverlib/bin/gcc/driverlib.lib(setup.o)
                                0x2da (size before relaxing)
 .debug_str     0x00009973      0x1d8 C:/ti/simplelink_cc2640r2_sdk_5_30_00_03/source\ti/devices/cc26x0r2/driverlib/bin/gcc/driverlib.lib(sys_ctrl.o)
                                0x477 (size before relaxing)

.comment        0x00000000       0x7e
 .comment       0x00000000       0x7e ./CC2640R2_LAUNCHXL.o
                                 0x7f (size before relaxing)
 .comment       0x0000007e       0x7f ./CC2640R2_LAUNCHXL_fxns.o
 .comment       0x0000007e       0x7f ./ccfg.o
 .comment       0x0000007e       0x7f ./gpiointerrupt.o
 .comment       0x0000007e       0x7f ./main_nortos.o
 .comment       0x0000007e       0x7f C:/ti/simplelink_cc2640r2_sdk_5_30_00_03/source\ti/drivers/lib/drivers_cc26x0r2.am3g(GPIOCC26XX.om3g)
 .comment       0x0000007e       0x7f C:/ti/simplelink_cc2640r2_sdk_5_30_00_03/source\ti/drivers/lib/drivers_cc26x0r2.am3g(PINCC26XX.om3g)
 .comment       0x0000007e       0x7f C:/ti/simplelink_cc2640r2_sdk_5_30_00_03/source\ti/drivers/lib/drivers_cc26x0r2.am3g(PowerCC26XX.om3g)
 .comment       0x0000007e       0x7f C:/ti/simplelink_cc2640r2_sdk_5_30_00_03/source\ti/drivers/lib/drivers_cc26x0r2.am3g(PowerCC26XX_calibrateRCOSC.om3g)
 .comment       0x0000007e       0x7f C:/ti/simplelink_cc2640r2_sdk_5_30_00_03/kernel/nortos\lib/nortos_cc26x0r2.am3g(NoRTOS.om3g)
 .comment       0x0000007e       0x7f C:/ti/simplelink_cc2640r2_sdk_5_30_00_03/kernel/nortos\lib/nortos_cc26x0r2.am3g(SemaphoreP_nortos.om3g)
 .comment       0x0000007e       0x7f C:/ti/simplelink_cc2640r2_sdk_5_30_00_03/kernel/nortos\lib/nortos_cc26x0r2.am3g(SwiP_nortos.om3g)
 .comment       0x0000007e       0x7f C:/ti/simplelink_cc2640r2_sdk_5_30_00_03/kernel/nortos\lib/nortos_cc26x0r2.am3g(ClockPTimer_nortos.om3g)
 .comment       0x0000007e       0x7f C:/ti/simplelink_cc2640r2_sdk_5_30_00_03/kernel/nortos\lib/nortos_cc26x0r2.am3g(TimerPCC26XX_nortos.om3g)
 .comment       0x0000007e       0x7f C:/ti/simplelink_cc2640r2_sdk_5_30_00_03/kernel/nortos\lib/nortos_cc26x0r2.am3g(HwiPCC26XX_nortos.om3g)
 .comment       0x0000007e       0x7f C:/ti/simplelink_cc2640r2_sdk_5_30_00_03/kernel/nortos\lib/nortos_cc26x0r2.am3g(PowerCC26XX_nortos.om3g)
 .comment       0x0000007e       0x7f C:/ti/simplelink_cc2640r2_sdk_5_30_00_03/kernel/nortos\lib/nortos_cc26x0r2.am3g(startup_cc13xx_cc26xx_gcc.om3g)
 .comment       0x0000007e       0x7f C:/ti/simplelink_cc2640r2_sdk_5_30_00_03/kernel/nortos\lib/nortos_cc26x0r2.am3g(QueueP_nortos.om3g)
 .comment       0x0000007e       0x7f C:/ti/simplelink_cc2640r2_sdk_5_30_00_03/source\ti/devices/cc26x0r2/driverlib/bin/gcc/driverlib.lib(adi.o)
 .comment       0x0000007e       0x7f C:/ti/simplelink_cc2640r2_sdk_5_30_00_03/source\ti/devices/cc26x0r2/driverlib/bin/gcc/driverlib.lib(chipinfo.o)
 .comment       0x0000007e       0x7f C:/ti/simplelink_cc2640r2_sdk_5_30_00_03/source\ti/devices/cc26x0r2/driverlib/bin/gcc/driverlib.lib(cpu.o)
 .comment       0x0000007e       0x7f C:/ti/simplelink_cc2640r2_sdk_5_30_00_03/source\ti/devices/cc26x0r2/driverlib/bin/gcc/driverlib.lib(driverlib_release.o)
 .comment       0x0000007e       0x7f C:/ti/simplelink_cc2640r2_sdk_5_30_00_03/source\ti/devices/cc26x0r2/driverlib/bin/gcc/driverlib.lib(interrupt.o)
 .comment       0x0000007e       0x7f C:/ti/simplelink_cc2640r2_sdk_5_30_00_03/source\ti/devices/cc26x0r2/driverlib/bin/gcc/driverlib.lib(osc.o)
 .comment       0x0000007e       0x7f C:/ti/simplelink_cc2640r2_sdk_5_30_00_03/source\ti/devices/cc26x0r2/driverlib/bin/gcc/driverlib.lib(setup.o)
 .comment       0x0000007e       0x7f C:/ti/simplelink_cc2640r2_sdk_5_30_00_03/source\ti/devices/cc26x0r2/driverlib/bin/gcc/driverlib.lib(sys_ctrl.o)

.ARM.attributes
                0x00000000       0x31
 .ARM.attributes
                0x00000000       0x33 ./CC2640R2_LAUNCHXL.o
 .ARM.attributes
                0x00000033       0x33 ./CC2640R2_LAUNCHXL_fxns.o
 .ARM.attributes
                0x00000066       0x33 ./ccfg.o
 .ARM.attributes
                0x00000099       0x33 ./gpiointerrupt.o
 .ARM.attributes
                0x000000cc       0x33 ./main_nortos.o
 .ARM.attributes
                0x000000ff       0x33 C:/ti/simplelink_cc2640r2_sdk_5_30_00_03/source\ti/drivers/lib/drivers_cc26x0r2.am3g(GPIOCC26XX.om3g)
 .ARM.attributes
                0x00000132       0x33 C:/ti/simplelink_cc2640r2_sdk_5_30_00_03/source\ti/drivers/lib/drivers_cc26x0r2.am3g(PINCC26XX.om3g)
 .ARM.attributes
                0x00000165       0x33 C:/ti/simplelink_cc2640r2_sdk_5_30_00_03/source\ti/drivers/lib/drivers_cc26x0r2.am3g(PowerCC26XX.om3g)
 .ARM.attributes
                0x00000198       0x33 C:/ti/simplelink_cc2640r2_sdk_5_30_00_03/source\ti/drivers/lib/drivers_cc26x0r2.am3g(PowerCC26XX_calibrateRCOSC.om3g)
 .ARM.attributes
                0x000001cb       0x33 C:/ti/simplelink_cc2640r2_sdk_5_30_00_03/kernel/nortos\lib/nortos_cc26x0r2.am3g(NoRTOS.om3g)
 .ARM.attributes
                0x000001fe       0x33 C:/ti/simplelink_cc2640r2_sdk_5_30_00_03/kernel/nortos\lib/nortos_cc26x0r2.am3g(SemaphoreP_nortos.om3g)
 .ARM.attributes
                0x00000231       0x33 C:/ti/simplelink_cc2640r2_sdk_5_30_00_03/kernel/nortos\lib/nortos_cc26x0r2.am3g(SwiP_nortos.om3g)
 .ARM.attributes
                0x00000264       0x33 C:/ti/simplelink_cc2640r2_sdk_5_30_00_03/kernel/nortos\lib/nortos_cc26x0r2.am3g(ClockPTimer_nortos.om3g)
 .ARM.attributes
                0x00000297       0x33 C:/ti/simplelink_cc2640r2_sdk_5_30_00_03/kernel/nortos\lib/nortos_cc26x0r2.am3g(TimerPCC26XX_nortos.om3g)
 .ARM.attributes
                0x000002ca       0x33 C:/ti/simplelink_cc2640r2_sdk_5_30_00_03/kernel/nortos\lib/nortos_cc26x0r2.am3g(HwiPCC26XX_nortos.om3g)
 .ARM.attributes
                0x000002fd       0x33 C:/ti/simplelink_cc2640r2_sdk_5_30_00_03/kernel/nortos\lib/nortos_cc26x0r2.am3g(PowerCC26XX_nortos.om3g)
 .ARM.attributes
                0x00000330       0x33 C:/ti/simplelink_cc2640r2_sdk_5_30_00_03/kernel/nortos\lib/nortos_cc26x0r2.am3g(startup_cc13xx_cc26xx_gcc.om3g)
 .ARM.attributes
                0x00000363       0x33 C:/ti/simplelink_cc2640r2_sdk_5_30_00_03/kernel/nortos\lib/nortos_cc26x0r2.am3g(QueueP_nortos.om3g)
 .ARM.attributes
                0x00000396       0x33 C:/ti/simplelink_cc2640r2_sdk_5_30_00_03/source\ti/devices/cc26x0r2/driverlib/bin/gcc/driverlib.lib(adi.o)
 .ARM.attributes
                0x000003c9       0x33 C:/ti/simplelink_cc2640r2_sdk_5_30_00_03/source\ti/devices/cc26x0r2/driverlib/bin/gcc/driverlib.lib(chipinfo.o)
 .ARM.attributes
                0x000003fc       0x33 C:/ti/simplelink_cc2640r2_sdk_5_30_00_03/source\ti/devices/cc26x0r2/driverlib/bin/gcc/driverlib.lib(cpu.o)
 .ARM.attributes
                0x0000042f       0x33 C:/ti/simplelink_cc2640r2_sdk_5_30_00_03/source\ti/devices/cc26x0r2/driverlib/bin/gcc/driverlib.lib(driverlib_release.o)
 .ARM.attributes
                0x00000462       0x33 C:/ti/simplelink_cc2640r2_sdk_5_30_00_03/source\ti/devices/cc26x0r2/driverlib/bin/gcc/driverlib.lib(interrupt.o)
 .ARM.attributes
                0x00000495       0x33 C:/ti/simplelink_cc2640r2_sdk_5_30_00_03/source\ti/devices/cc26x0r2/driverlib/bin/gcc/driverlib.lib(osc.o)
 .ARM.attributes
                0x000004c8       0x33 C:/ti/simplelink_cc2640r2_sdk_5_30_00_03/source\ti/devices/cc26x0r2/driverlib/bin/gcc/driverlib.lib(setup.o)
 .ARM.attributes
                0x000004fb       0x33 C:/ti/simplelink_cc2640r2_sdk_5_30_00_03/source\ti/devices/cc26x0r2/driverlib/bin/gcc/driverlib.lib(sys_ctrl.o)
 .ARM.attributes
                0x0000052e       0x1d c:/ti/gcc-arm-none-eabi_7_2_1/bin/../lib/gcc/arm-none-eabi/7.2.1/thumb/v7-m\libgcc.a(_aeabi_uldivmod.o)
 .ARM.attributes
                0x0000054b       0x2d c:/ti/gcc-arm-none-eabi_7_2_1/bin/../lib/gcc/arm-none-eabi/7.2.1/thumb/v7-m\libgcc.a(_udivmoddi4.o)
 .ARM.attributes
                0x00000578       0x1d c:/ti/gcc-arm-none-eabi_7_2_1/bin/../lib/gcc/arm-none-eabi/7.2.1/thumb/v7-m\libgcc.a(_dvmd_tls.o)
 .ARM.attributes
                0x00000595       0x2d C:/ti/gcc-arm-none-eabi_7_2_1/arm-none-eabi/lib/thumb/v7-m\libc_nano.a(lib_a-malloc.o)
 .ARM.attributes
                0x000005c2       0x2d C:/ti/gcc-arm-none-eabi_7_2_1/arm-none-eabi/lib/thumb/v7-m\libc_nano.a(lib_a-nano-freer.o)
 .ARM.attributes
                0x000005ef       0x2d C:/ti/gcc-arm-none-eabi_7_2_1/arm-none-eabi/lib/thumb/v7-m\libc_nano.a(lib_a-nano-mallocr.o)
 .ARM.attributes
                0x0000061c       0x2d C:/ti/gcc-arm-none-eabi_7_2_1/arm-none-eabi/lib/thumb/v7-m\libc_nano.a(lib_a-sbrkr.o)
 .ARM.attributes
                0x00000649       0x2d C:/ti/gcc-arm-none-eabi_7_2_1/arm-none-eabi/lib/thumb/v7-m\libc_nano.a(lib_a-impure.o)
 .ARM.attributes
                0x00000676       0x2d C:/ti/gcc-arm-none-eabi_7_2_1/arm-none-eabi/lib/thumb/v7-m\libc_nano.a(lib_a-mlock.o)
 .ARM.attributes
                0x000006a3       0x2d C:/ti/gcc-arm-none-eabi_7_2_1/arm-none-eabi/lib/thumb/v7-m\libc_nano.a(lib_a-reent.o)
 .ARM.attributes
                0x000006d0       0x2d C:/ti/gcc-arm-none-eabi_7_2_1/arm-none-eabi/lib/thumb/v7-m\libnosys.a(sbrk.o)

.debug_frame    0x00000000     0x1c28
 .debug_frame   0x00000000       0x48 ./CC2640R2_LAUNCHXL.o
 .debug_frame   0x00000048       0x9c ./CC2640R2_LAUNCHXL_fxns.o
 .debug_frame   0x000000e4       0x7c ./gpiointerrupt.o
 .debug_frame   0x00000160       0x2c ./main_nortos.o
 .debug_frame   0x0000018c      0x1bc C:/ti/simplelink_cc2640r2_sdk_5_30_00_03/source\ti/drivers/lib/drivers_cc26x0r2.am3g(GPIOCC26XX.om3g)
 .debug_frame   0x00000348      0x2a4 C:/ti/simplelink_cc2640r2_sdk_5_30_00_03/source\ti/drivers/lib/drivers_cc26x0r2.am3g(PINCC26XX.om3g)
 .debug_frame   0x000005ec      0x368 C:/ti/simplelink_cc2640r2_sdk_5_30_00_03/source\ti/drivers/lib/drivers_cc26x0r2.am3g(PowerCC26XX.om3g)
 .debug_frame   0x00000954       0xe4 C:/ti/simplelink_cc2640r2_sdk_5_30_00_03/source\ti/drivers/lib/drivers_cc26x0r2.am3g(PowerCC26XX_calibrateRCOSC.om3g)
 .debug_frame   0x00000a38       0x4c C:/ti/simplelink_cc2640r2_sdk_5_30_00_03/kernel/nortos\lib/nortos_cc26x0r2.am3g(NoRTOS.om3g)
 .debug_frame   0x00000a84      0x164 C:/ti/simplelink_cc2640r2_sdk_5_30_00_03/kernel/nortos\lib/nortos_cc26x0r2.am3g(SemaphoreP_nortos.om3g)
 .debug_frame   0x00000be8      0x23c C:/ti/simplelink_cc2640r2_sdk_5_30_00_03/kernel/nortos\lib/nortos_cc26x0r2.am3g(SwiP_nortos.om3g)
 .debug_frame   0x00000e24      0x2dc C:/ti/simplelink_cc2640r2_sdk_5_30_00_03/kernel/nortos\lib/nortos_cc26x0r2.am3g(ClockPTimer_nortos.om3g)
 .debug_frame   0x00001100      0x198 C:/ti/simplelink_cc2640r2_sdk_5_30_00_03/kernel/nortos\lib/nortos_cc26x0r2.am3g(TimerPCC26XX_nortos.om3g)
 .debug_frame   0x00001298      0x198 C:/ti/simplelink_cc2640r2_sdk_5_30_00_03/kernel/nortos\lib/nortos_cc26x0r2.am3g(HwiPCC26XX_nortos.om3g)
 .debug_frame   0x00001430       0x64 C:/ti/simplelink_cc2640r2_sdk_5_30_00_03/kernel/nortos\lib/nortos_cc26x0r2.am3g(PowerCC26XX_nortos.om3g)
 .debug_frame   0x00001494       0x8c C:/ti/simplelink_cc2640r2_sdk_5_30_00_03/kernel/nortos\lib/nortos_cc26x0r2.am3g(startup_cc13xx_cc26xx_gcc.om3g)
 .debug_frame   0x00001520      0x120 C:/ti/simplelink_cc2640r2_sdk_5_30_00_03/kernel/nortos\lib/nortos_cc26x0r2.am3g(QueueP_nortos.om3g)
 .debug_frame   0x00001640       0x64 C:/ti/simplelink_cc2640r2_sdk_5_30_00_03/source\ti/devices/cc26x0r2/driverlib/bin/gcc/driverlib.lib(adi.o)
 .debug_frame   0x000016a4       0x88 C:/ti/simplelink_cc2640r2_sdk_5_30_00_03/source\ti/devices/cc26x0r2/driverlib/bin/gcc/driverlib.lib(chipinfo.o)
 .debug_frame   0x0000172c       0x60 C:/ti/simplelink_cc2640r2_sdk_5_30_00_03/source\ti/devices/cc26x0r2/driverlib/bin/gcc/driverlib.lib(cpu.o)
 .debug_frame   0x0000178c       0xe8 C:/ti/simplelink_cc2640r2_sdk_5_30_00_03/source\ti/devices/cc26x0r2/driverlib/bin/gcc/driverlib.lib(interrupt.o)
 .debug_frame   0x00001874      0x124 C:/ti/simplelink_cc2640r2_sdk_5_30_00_03/source\ti/devices/cc26x0r2/driverlib/bin/gcc/driverlib.lib(osc.o)
 .debug_frame   0x00001998       0x44 C:/ti/simplelink_cc2640r2_sdk_5_30_00_03/source\ti/devices/cc26x0r2/driverlib/bin/gcc/driverlib.lib(setup.o)
 .debug_frame   0x000019dc       0x80 C:/ti/simplelink_cc2640r2_sdk_5_30_00_03/source\ti/devices/cc26x0r2/driverlib/bin/gcc/driverlib.lib(sys_ctrl.o)
 .debug_frame   0x00001a5c       0x2c c:/ti/gcc-arm-none-eabi_7_2_1/bin/../lib/gcc/arm-none-eabi/7.2.1/thumb/v7-m\libgcc.a(_aeabi_uldivmod.o)
 .debug_frame   0x00001a88       0x34 c:/ti/gcc-arm-none-eabi_7_2_1/bin/../lib/gcc/arm-none-eabi/7.2.1/thumb/v7-m\libgcc.a(_udivmoddi4.o)
 .debug_frame   0x00001abc       0x30 C:/ti/gcc-arm-none-eabi_7_2_1/arm-none-eabi/lib/thumb/v7-m\libc_nano.a(lib_a-malloc.o)
 .debug_frame   0x00001aec       0x38 C:/ti/gcc-arm-none-eabi_7_2_1/arm-none-eabi/lib/thumb/v7-m\libc_nano.a(lib_a-nano-freer.o)
 .debug_frame   0x00001b24       0x2c C:/ti/gcc-arm-none-eabi_7_2_1/arm-none-eabi/lib/thumb/v7-m\libc_nano.a(lib_a-nano-mallocr.o)
 .debug_frame   0x00001b50       0x2c C:/ti/gcc-arm-none-eabi_7_2_1/arm-none-eabi/lib/thumb/v7-m\libc_nano.a(lib_a-sbrkr.o)
 .debug_frame   0x00001b7c       0x30 C:/ti/gcc-arm-none-eabi_7_2_1/arm-none-eabi/lib/thumb/v7-m\libc_nano.a(lib_a-mlock.o)
 .debug_frame   0x00001bac       0x5c C:/ti/gcc-arm-none-eabi_7_2_1/arm-none-eabi/lib/thumb/v7-m\libc_nano.a(lib_a-reent.o)
 .debug_frame   0x00001c08       0x20 C:/ti/gcc-arm-none-eabi_7_2_1/arm-none-eabi/lib/thumb/v7-m\libnosys.a(sbrk.o)

.debug_loc      0x00000000     0x60da
 .debug_loc     0x00000000      0x827 C:/ti/simplelink_cc2640r2_sdk_5_30_00_03/source\ti/drivers/lib/drivers_cc26x0r2.am3g(GPIOCC26XX.om3g)
 .debug_loc     0x00000827      0xf7b C:/ti/simplelink_cc2640r2_sdk_5_30_00_03/source\ti/drivers/lib/drivers_cc26x0r2.am3g(PINCC26XX.om3g)
 .debug_loc     0x000017a2      0xe01 C:/ti/simplelink_cc2640r2_sdk_5_30_00_03/source\ti/drivers/lib/drivers_cc26x0r2.am3g(PowerCC26XX.om3g)
 .debug_loc     0x000025a3      0x43c C:/ti/simplelink_cc2640r2_sdk_5_30_00_03/source\ti/drivers/lib/drivers_cc26x0r2.am3g(PowerCC26XX_calibrateRCOSC.om3g)
 .debug_loc     0x000029df       0x2c C:/ti/simplelink_cc2640r2_sdk_5_30_00_03/kernel/nortos\lib/nortos_cc26x0r2.am3g(NoRTOS.om3g)
 .debug_loc     0x00002a0b      0x531 C:/ti/simplelink_cc2640r2_sdk_5_30_00_03/kernel/nortos\lib/nortos_cc26x0r2.am3g(SemaphoreP_nortos.om3g)
 .debug_loc     0x00002f3c      0x8a2 C:/ti/simplelink_cc2640r2_sdk_5_30_00_03/kernel/nortos\lib/nortos_cc26x0r2.am3g(SwiP_nortos.om3g)
 .debug_loc     0x000037de      0xc08 C:/ti/simplelink_cc2640r2_sdk_5_30_00_03/kernel/nortos\lib/nortos_cc26x0r2.am3g(ClockPTimer_nortos.om3g)
 .debug_loc     0x000043e6      0x6b2 C:/ti/simplelink_cc2640r2_sdk_5_30_00_03/kernel/nortos\lib/nortos_cc26x0r2.am3g(TimerPCC26XX_nortos.om3g)
 .debug_loc     0x00004a98      0x4ec C:/ti/simplelink_cc2640r2_sdk_5_30_00_03/kernel/nortos\lib/nortos_cc26x0r2.am3g(HwiPCC26XX_nortos.om3g)
 .debug_loc     0x00004f84      0x105 C:/ti/simplelink_cc2640r2_sdk_5_30_00_03/kernel/nortos\lib/nortos_cc26x0r2.am3g(PowerCC26XX_nortos.om3g)
 .debug_loc     0x00005089       0xb6 C:/ti/simplelink_cc2640r2_sdk_5_30_00_03/kernel/nortos\lib/nortos_cc26x0r2.am3g(startup_cc13xx_cc26xx_gcc.om3g)
 .debug_loc     0x0000513f      0x254 C:/ti/simplelink_cc2640r2_sdk_5_30_00_03/kernel/nortos\lib/nortos_cc26x0r2.am3g(QueueP_nortos.om3g)
 .debug_loc     0x00005393      0x115 C:/ti/simplelink_cc2640r2_sdk_5_30_00_03/source\ti/devices/cc26x0r2/driverlib/bin/gcc/driverlib.lib(adi.o)
 .debug_loc     0x000054a8       0xdf C:/ti/simplelink_cc2640r2_sdk_5_30_00_03/source\ti/devices/cc26x0r2/driverlib/bin/gcc/driverlib.lib(chipinfo.o)
 .debug_loc     0x00005587      0x1a7 C:/ti/simplelink_cc2640r2_sdk_5_30_00_03/source\ti/devices/cc26x0r2/driverlib/bin/gcc/driverlib.lib(interrupt.o)
 .debug_loc     0x0000572e      0x3d2 C:/ti/simplelink_cc2640r2_sdk_5_30_00_03/source\ti/devices/cc26x0r2/driverlib/bin/gcc/driverlib.lib(osc.o)
 .debug_loc     0x00005b00       0x78 C:/ti/simplelink_cc2640r2_sdk_5_30_00_03/source\ti/devices/cc26x0r2/driverlib/bin/gcc/driverlib.lib(setup.o)
 .debug_loc     0x00005b78      0x562 C:/ti/simplelink_cc2640r2_sdk_5_30_00_03/source\ti/devices/cc26x0r2/driverlib/bin/gcc/driverlib.lib(sys_ctrl.o)
